Component: ARM Compiler 5.06 update 7 (build 960) Tool: armlink [4d3601]

==============================================================================

Section Cross References

    startup_lpc17xx.o(STACK) refers (Special) to heapauxi.o(.text) for __use_two_region_memory
    startup_lpc17xx.o(HEAP) refers (Special) to heapauxi.o(.text) for __use_two_region_memory
    startup_lpc17xx.o(RESET) refers (Special) to heapauxi.o(.text) for __use_two_region_memory
    startup_lpc17xx.o(RESET) refers to startup_lpc17xx.o(STACK) for __initial_sp
    startup_lpc17xx.o(RESET) refers to startup_lpc17xx.o(.text) for Reset_Handler
    startup_lpc17xx.o(RESET) refers to timer.o(.text) for TIMER0_IRQHandler
    startup_lpc17xx.o(RESET) refers to uart.o(.text) for UART0_IRQHandler
    startup_lpc17xx.o(RESET) refers to interrupciones.o(.text) for EINT1_IRQHandler
    startup_lpc17xx.o(RESET) refers to adc.o(.text) for ADC_IRQHandler
    startup_lpc17xx.o(RESET) refers to emac_lpc17xx_lan8720.o(.text) for ENET_IRQHandler
    startup_lpc17xx.o(.ARM.__at_0x02FC) refers (Special) to heapauxi.o(.text) for __use_two_region_memory
    startup_lpc17xx.o(.text) refers (Special) to heapauxi.o(.text) for __use_two_region_memory
    startup_lpc17xx.o(.text) refers to system_lpc17xx.o(.text) for SystemInit
    startup_lpc17xx.o(.text) refers to __main.o(!!!main) for __main
    startup_lpc17xx.o(.text) refers to startup_lpc17xx.o(HEAP) for Heap_Mem
    startup_lpc17xx.o(.text) refers to startup_lpc17xx.o(STACK) for Stack_Mem
    system_lpc17xx.o(.text) refers to lludivv7m.o(.text) for __aeabi_uldivmod
    system_lpc17xx.o(.text) refers to system_lpc17xx.o(.data) for SystemCoreClock
    asciilib.o(.text) refers to rt_memcpy_v6.o(.text) for __aeabi_memcpy
    asciilib.o(.text) refers to asciilib.o(.constdata) for AsciiLib
    glcd.o(.text) refers to glcd.o(.data) for LCD_Code
    glcd.o(.text) refers to asciilib.o(.text) for GetASCIICode
    touchpanel.o(.text) refers to glcd.o(.text) for LCD_SetPoint
    touchpanel.o(.text) refers to rt_memclr_w.o(.text) for __aeabi_memclr4
    touchpanel.o(.text) refers to touchpanel.o(.data) for screen
    touchpanel.o(.text) refers to dflt_clz.o(x$fpl$dflt) for __aeabi_i2d
    touchpanel.o(.text) refers to deqf.o(x$fpl$deqf) for __aeabi_cdcmpeq
    touchpanel.o(.text) refers to dflt_clz.o(x$fpl$dfltu) for __aeabi_ui2d
    touchpanel.o(.text) refers to dmul.o(x$fpl$dmul) for __aeabi_dmul
    touchpanel.o(.text) refers to daddsub_clz.o(x$fpl$dadd) for __aeabi_dadd
    touchpanel.o(.text) refers to ddiv.o(x$fpl$ddiv) for __aeabi_ddiv
    touchpanel.o(.text) refers to dfixu.o(x$fpl$dfixu) for __aeabi_d2uiz
    touchpanel.o(.text) refers to touchpanel.o(.bss) for ScreenSample
    tp_simple.o(.text) refers to _printf_pad.o(.text) for _printf_pre_padding
    tp_simple.o(.text) refers to _printf_percent.o(.ARM.Collect$$_printf_percent$$00000000) for _printf_percent
    tp_simple.o(.text) refers to _printf_d.o(.ARM.Collect$$_printf_percent$$00000009) for _printf_d
    tp_simple.o(.text) refers to _printf_dec.o(.text) for _printf_int_dec
    tp_simple.o(.text) refers to glcd.o(.text) for LCD_DrawLine
    tp_simple.o(.text) refers to strlen.o(.text) for strlen
    tp_simple.o(.text) refers to __2sprintf.o(.text) for __2sprintf
    tp_simple.o(.text) refers to tp_simple.o(.data) for Cabecera
    tp_simple.o(.text) refers to pwm.o(.data) for VelDer
    tp_simple.o(.text) refers to tp_simple.o(.bss) for texto1
    tp_simple.o(.text) refers to timer.o(.data) for distancia
    tp_simple.o(.text) refers to nunchuck.o(.data) for x
    tp_simple.o(.text) refers to touchpanel.o(.text) for Read_Ads7846
    tp_simple.o(.text) refers to touchpanel.o(.data) for matrix
    tp_simple.o(.text) refers to statechar.o(.data) for Estado
    tp_simple.o(.text) refers to at_system.o(.bss) for localm
    pwm.o(.text) refers to dflt_clz.o(x$fpl$dflt) for __aeabi_i2d
    pwm.o(.text) refers to dmul.o(x$fpl$dmul) for __aeabi_dmul
    pwm.o(.text) refers to ddiv.o(x$fpl$ddiv) for __aeabi_ddiv
    pwm.o(.text) refers to dfixu.o(x$fpl$dfixu) for __aeabi_d2uiz
    pwm.o(.text) refers to tp_simple.o(.text) for Dato_motorDer
    pwm.o(.text) refers to daddsub_clz.o(x$fpl$dadd) for __aeabi_dadd
    main.o(.text) refers to serial.o(.text) for SER_Init
    main.o(.text) refers to at_system.o(i.init_TcpNet) for init_TcpNet
    main.o(.text) refers to at_system.o(i.timer_tick) for timer_tick
    main.o(.text) refers to glcd.o(.text) for LCD_Initializtion
    main.o(.text) refers to touchpanel.o(.text) for TP_Init
    main.o(.text) refers to pwm.o(.text) for configPWM
    main.o(.text) refers to nunchuck.o(.text) for Nunchuck_Init
    main.o(.text) refers to adc.o(.text) for init_ADC_LDRs
    main.o(.text) refers to timer.o(.text) for init_TIMERS
    main.o(.text) refers to dac.o(.text) for init_DAC
    main.o(.text) refers to interrupciones.o(.text) for init_EINT
[...]
    HardFault_Handler                        0x0000020f   Thumb Code     2  startup_lpc17xx.o(.text)
    MemManage_Handler                        0x00000211   Thumb Code     2  startup_lpc17xx.o(.text)
    BusFault_Handler                         0x00000213   Thumb Code     2  startup_lpc17xx.o(.text)
    UsageFault_Handler                       0x00000215   Thumb Code     2  startup_lpc17xx.o(.text)
    SVC_Handler                              0x00000217   Thumb Code     2  startup_lpc17xx.o(.text)
    DebugMon_Handler                         0x00000219   Thumb Code     2  startup_lpc17xx.o(.text)
    PendSV_Handler                           0x0000021b   Thumb Code     2  startup_lpc17xx.o(.text)
    SysTick_Handler                          0x0000021d   Thumb Code     2  startup_lpc17xx.o(.text)
    BOD_IRQHandler                           0x0000021f   Thumb Code     0  startup_lpc17xx.o(.text)
    CANActivity_IRQHandler                   0x0000021f   Thumb Code     0  startup_lpc17xx.o(.text)
    CAN_IRQHandler                           0x0000021f   Thumb Code     0  startup_lpc17xx.o(.text)
    DMA_IRQHandler                           0x0000021f   Thumb Code     0  startup_lpc17xx.o(.text)
    EINT0_IRQHandler                         0x0000021f   Thumb Code     0  startup_lpc17xx.o(.text)
    EINT3_IRQHandler                         0x0000021f   Thumb Code     0  startup_lpc17xx.o(.text)
    I2C0_IRQHandler                          0x0000021f   Thumb Code     0  startup_lpc17xx.o(.text)
    I2C1_IRQHandler                          0x0000021f   Thumb Code     0  startup_lpc17xx.o(.text)
    I2C2_IRQHandler                          0x0000021f   Thumb Code     0  startup_lpc17xx.o(.text)
    I2S_IRQHandler                           0x0000021f   Thumb Code     0  startup_lpc17xx.o(.text)
    MCPWM_IRQHandler                         0x0000021f   Thumb Code     0  startup_lpc17xx.o(.text)
    PLL0_IRQHandler                          0x0000021f   Thumb Code     0  startup_lpc17xx.o(.text)
    PLL1_IRQHandler                          0x0000021f   Thumb Code     0  startup_lpc17xx.o(.text)
    PWM1_IRQHandler                          0x0000021f   Thumb Code     0  startup_lpc17xx.o(.text)
    QEI_IRQHandler                           0x0000021f   Thumb Code     0  startup_lpc17xx.o(.text)
    RIT_IRQHandler                           0x0000021f   Thumb Code     0  startup_lpc17xx.o(.text)
    RTC_IRQHandler                           0x0000021f   Thumb Code     0  startup_lpc17xx.o(.text)
    SPI_IRQHandler                           0x0000021f   Thumb Code     0  startup_lpc17xx.o(.text)
    SSP0_IRQHandler                          0x0000021f   Thumb Code     0  startup_lpc17xx.o(.text)
    SSP1_IRQHandler                          0x0000021f   Thumb Code     0  startup_lpc17xx.o(.text)
    UART1_IRQHandler                         0x0000021f   Thumb Code     0  startup_lpc17xx.o(.text)
    UART2_IRQHandler                         0x0000021f   Thumb Code     0  startup_lpc17xx.o(.text)
    UART3_IRQHandler                         0x0000021f   Thumb Code     0  startup_lpc17xx.o(.text)
    USBActivity_IRQHandler                   0x0000021f   Thumb Code     0  startup_lpc17xx.o(.text)
    USB_IRQHandler                           0x0000021f   Thumb Code     0  startup_lpc17xx.o(.text)
    WDT_IRQHandler                           0x0000021f   Thumb Code     0  startup_lpc17xx.o(.text)
    __user_initial_stackheap                 0x00000221   Thumb Code     0  startup_lpc17xx.o(.text)
    GetASCIICode                             0x00000245   Thumb Code    26  asciilib.o(.text)
    init_DAC                                 0x00000265   Thumb Code    30  dac.o(.text)
    WDT_Feed                                 0x0000028d   Thumb Code    12  watchdog.o(.text)
    WDT_init                                 0x00000299   Thumb Code    24  watchdog.o(.text)
    __2sprintf                               0x000002b5   Thumb Code    38  __2sprintf.o(.text)
    atoi                                     0x000002e1   Thumb Code    26  atoi.o(.text)
    __I$use$semihosting                      0x000002fb   Thumb Code     0  use_no_semi.o(.text)
    __use_no_semihosting_swi                 0x000002fb   Thumb Code     2  use_no_semi.o(.text)
    SystemCoreClockUpdate                    0x00000301   Thumb Code   408  system_lpc17xx.o(.text)
    __RL_TCP_VER                             0x00000472   Number         0  at_system.o ABSOLUTE
    SystemInit                               0x00000499   Thumb Code   310  system_lpc17xx.o(.text)
    LCD_Initializtion                        0x0000070f   Thumb Code  1260  glcd.o(.text)
    LCD_Clear                                0x00000bfb   Thumb Code  2746  glcd.o(.text)
    LCD_SetPoint                             0x000016b5   Thumb Code  1302  glcd.o(.text)
    LCD_DrawLine                             0x00001bcb   Thumb Code   250  glcd.o(.text)
    PutChar                                  0x00001cc5   Thumb Code   100  glcd.o(.text)
    GUI_Text                                 0x00001d29   Thumb Code    80  glcd.o(.text)
    TP_Init                                  0x00001d7d   Thumb Code    78  touchpanel.o(.text)
    Read_X                                   0x00001e3d   Thumb Code    42  touchpanel.o(.text)
    Read_Y                                   0x00001e67   Thumb Code    42  touchpanel.o(.text)
    TP_GetAdXY                               0x00001e91   Thumb Code    34  touchpanel.o(.text)
    TP_DrawPoint                             0x00001eb3   Thumb Code    64  touchpanel.o(.text)
    DrawCross                                0x00001ef3   Thumb Code   356  touchpanel.o(.text)
    Read_Ads7846                             0x00002057   Thumb Code   518  touchpanel.o(.text)
    setCalibrationMatrix                     0x0000225d   Thumb Code   356  touchpanel.o(.text)
    getDisplayPoint                          0x000023c1   Thumb Code   238  touchpanel.o(.text)
    TouchPanel_Calibrate                     0x000024af   Thumb Code   108  touchpanel.o(.text)
    squareButton                             0x00002551   Thumb Code   226  tp_simple.o(.text)
    drawMinus                                0x00002633   Thumb Code   244  tp_simple.o(.text)
    drawAdd                                  0x00002727   Thumb Code   240  tp_simple.o(.text)
    PantallaInicio                           0x00002817   Thumb Code    74  tp_simple.o(.text)
    PantallaManual                           0x00002861   Thumb Code   796  tp_simple.o(.text)
    PantallaAutomatico                       0x00002b7d   Thumb Code  1182  tp_simple.o(.text)
    PantallaDepuracion                       0x0000301b   Thumb Code  1192  tp_simple.o(.text)
    PantallaDepuracion_Nunchuck              0x000034c3   Thumb Code  1088  tp_simple.o(.text)
    checkTouchPanel                          0x00003903   Thumb Code   210  tp_simple.o(.text)
    Dato_motorDer                            0x000039d5   Thumb Code   280  tp_simple.o(.text)
    Dato_motorIzq                            0x00003aed   Thumb Code   542  tp_simple.o(.text)
    Dato_motorServo                          0x00003d0b   Thumb Code   278  tp_simple.o(.text)
    Dato_Distanciacm                         0x00003e21   Thumb Code   318  tp_simple.o(.text)
    Dato_sensorLuz1                          0x00003f5f   Thumb Code   378  tp_simple.o(.text)
    Dato_sensorLuz2                          0x000040d9   Thumb Code   274  tp_simple.o(.text)
    Dato_promedioSensores                    0x000041eb   Thumb Code   276  tp_simple.o(.text)
    screenMessageIP                          0x000042ff   Thumb Code    42  tp_simple.o(.text)
    zonePressed                              0x00004329   Thumb Code    72  tp_simple.o(.text)
    zoneNewPressed                           0x00004371   Thumb Code    80  tp_simple.o(.text)
    modoDepuracion                           0x000043c1   Thumb Code  1144  tp_simple.o(.text)
    configPWM                                0x000048b1   Thumb Code    96  pwm.o(.text)
    MotorDerecha                             0x00004911   Thumb Code   126  pwm.o(.text)
    MotorIzquierda                           0x0000498f   Thumb Code   126  pwm.o(.text)
    PuenteH                                  0x00004a0d   Thumb Code    44  pwm.o(.text)
    setServo                                 0x00004a39   Thumb Code    68  pwm.o(.text)
    main                                     0x00004adb   Thumb Code   150  main.o(.text)
    MaquinaEstados                           0x00004b8d   Thumb Code   410  statechar.o(.text)
    I2Cdelay                                 0x00004d65   Thumb Code    14  i2c_lpc17xx.o(.text)
    I2Cdelay1                                0x00004d73   Thumb Code    14  i2c_lpc17xx.o(.text)
    pulso_SCL                                0x00004d81   Thumb Code    24  i2c_lpc17xx.o(.text)
    I2CSendByte                              0x00004d99   Thumb Code    82  i2c_lpc17xx.o(.text)
    I2CSendAddr                              0x00004deb   Thumb Code    68  i2c_lpc17xx.o(.text)
    I2CGetByte                               0x00004e2f   Thumb Code   106  i2c_lpc17xx.o(.text)
    I2CSendStop                              0x00004e99   Thumb Code    34  i2c_lpc17xx.o(.text)
    Nunchuck_Init                            0x00004ec1   Thumb Code    68  nunchuck.o(.text)
    Nunchuck_read                            0x00004f05   Thumb Code   158  nunchuck.o(.text)
    Movimiento_Nunchuck                      0x00004fa3   Thumb Code   370  nunchuck.o(.text)
    Servo_Nunchuck                           0x00005115   Thumb Code    66  nunchuck.o(.text)
    init_ADC_LDRs                            0x000051b1   Thumb Code   106  adc.o(.text)
    init_ADC_grabar                          0x0000521b   Thumb Code    78  adc.o(.text)
    ADC_IRQHandler                           0x00005269   Thumb Code   244  adc.o(.text)
    Audio                                    0x0000535d   Thumb Code    94  adc.o(.text)
    init_TIMER0                              0x00005451   Thumb Code    58  timer.o(.text)
    TIMER0_IRQHandler                        0x0000548b   Thumb Code   880  timer.o(.text)
    init_TIMER1                              0x000057fb   Thumb Code   202  timer.o(.text)
    TIMER1_IRQHandler                        0x000058c5   Thumb Code   210  timer.o(.text)
    init_TIMER2                              0x00005997   Thumb Code    64  timer.o(.text)
    TIMER2_IRQHandler                        0x000059d7   Thumb Code   384  timer.o(.text)
    init_TIMER3                              0x00005b57   Thumb Code    98  timer.o(.text)
    TIMER3_IRQHandler                        0x00005bb9   Thumb Code   184  timer.o(.text)
    init_TIMERS                              0x00005c71   Thumb Code    16  timer.o(.text)
    controladorPulsadores                    0x00005c81   Thumb Code   204  timer.o(.text)
    contadoresreset                          0x00005d4d   Thumb Code    40  timer.o(.text)
    init_EINT                                0x00005dd5   Thumb Code    76  interrupciones.o(.text)
    EINT1_IRQHandler                         0x00005e21   Thumb Code    46  interrupciones.o(.text)
    EINT2_IRQHandler                         0x00005e4f   Thumb Code    46  interrupciones.o(.text)
    UART0_IRQHandler                         0x00005ec5   Thumb Code   116  uart.o(.text)
    tx_cadena_UART0                          0x00005f39   Thumb Code    32  uart.o(.text)
    uart0_init                               0x00006053   Thumb Code    68  uart.o(.text)
    MaquinaEstadosBluetooth                  0x000060bd   Thumb Code  1616  bluetooth.o(.text)
    cgi_process_var                          0x00006751   Thumb Code   202  http_cgi.o(.text)
    cgi_process_data                         0x0000681b   Thumb Code    12  http_cgi.o(.text)
    cgi_func                                 0x00006827   Thumb Code   442  http_cgi.o(.text)
    int_enable_eth                           0x00006a99   Thumb Code    22  emac_lpc17xx_lan8720.o(.text)
    int_disable_eth                          0x00006aaf   Thumb Code    18  emac_lpc17xx_lan8720.o(.text)
    setMac                                   0x00006ac1   Thumb Code   178  emac_lpc17xx_lan8720.o(.text)
    init_ethernet                            0x00006c83   Thumb Code   696  emac_lpc17xx_lan8720.o(.text)
    send_frame                               0x00006f3b   Thumb Code    68  emac_lpc17xx_lan8720.o(.text)
    ENET_IRQHandler                          0x00006f7f   Thumb Code   168  emac_lpc17xx_lan8720.o(.text)
    sys_error                                0x000070e5   Thumb Code    36  net_config.o(.text)
    init_system                              0x00007109   Thumb Code    34  net_config.o(.text)
    run_system                               0x0000712b   Thumb Code    26  net_config.o(.text)
    igmp_is_member                           0x00007145   Thumb Code     4  net_config.o(.text)
    igmp_process                             0x00007149   Thumb Code     2  net_config.o(.text)
    dhcp_disable                             0x0000714b   Thumb Code     2  net_config.o(.text)
    ppp_send_frame                           0x0000714d   Thumb Code     4  net_config.o(.text)
    slip_send_frame                          0x00007151   Thumb Code     4  net_config.o(.text)
    sntp_get_time                            0x00007155   Thumb Code     4  net_config.o(.text)
    SER_Init                                 0x00007159   Thumb Code    64  serial.o(.text)
    SER_PutChar                              0x00007199   Thumb Code    20  serial.o(.text)
    SER_GetChar                              0x000071ad   Thumb Code    20  serial.o(.text)
    sendchar                                 0x000071c1   Thumb Code    24  serial.o(.text)
    fputc                                    0x000071d9   Thumb Code    16  serial.o(.text)
    __aeabi_uldivmod                         0x000071f5   Thumb Code     0  lludivv7m.o(.text)
    _ll_udiv                                 0x000071f5   Thumb Code   238  lludivv7m.o(.text)
    _printf_pre_padding                      0x000072e3   Thumb Code    44  _printf_pad.o(.text)
    _printf_post_padding                     0x0000730f   Thumb Code    34  _printf_pad.o(.text)
    _printf_truncate_signed                  0x00007331   Thumb Code    18  _printf_truncate.o(.text)
    _printf_truncate_unsigned                0x00007343   Thumb Code    18  _printf_truncate.o(.text)
    _printf_str                              0x00007355   Thumb Code    82  _printf_str.o(.text)
    _printf_int_dec                          0x000073a9   Thumb Code   104  _printf_dec.o(.text)
    _printf_charcount                        0x00007421   Thumb Code    40  _printf_charcount.o(.text)
    _printf_wctomb                           0x00007449   Thumb Code   182  _printf_wctomb.o(.text)
    _printf_int_oct                          0x00007505   Thumb Code    72  _printf_oct_int.o(.text)
    _printf_longlong_oct                     0x00007505   Thumb Code     0  _printf_oct_int.o(.text)
    _printf_longlong_hex                     0x00007555   Thumb Code    78  _printf_hex_int_ptr.o(.text)
    _printf_int_hex                          0x000075a3   Thumb Code    26  _printf_hex_int_ptr.o(.text)
    _printf_hex_ptr                          0x000075bd   Thumb Code    16  _printf_hex_int_ptr.o(.text)
    __printf                                 0x000075d1   Thumb Code   388  __printf_flags_ss_wp.o(.text)
    __0sscanf                                0x00007759   Thumb Code    52  __0sscanf.o(.text)
    _scanf_int                               0x00007795   Thumb Code   332  _scanf_int.o(.text)
    strtol                                   0x000078e1   Thumb Code   112  strtol.o(.text)
    strlen                                   0x00007951   Thumb Code    62  strlen.o(.text)
    __aeabi_memcpy                           0x0000798f   Thumb Code     0  rt_memcpy_v6.o(.text)
    __rt_memcpy                              0x0000798f   Thumb Code   138  rt_memcpy_v6.o(.text)
    _memcpy_lastbytes                        0x000079f5   Thumb Code     0  rt_memcpy_v6.o(.text)
    __aeabi_memclr4                          0x00007a19   Thumb Code     0  rt_memclr_w.o(.text)
    __aeabi_memclr8                          0x00007a19   Thumb Code     0  rt_memclr_w.o(.text)
    __rt_memclr_w                            0x00007a19   Thumb Code    78  rt_memclr_w.o(.text)
    _memset_w                                0x00007a1d   Thumb Code     0  rt_memclr_w.o(.text)
    strcmp                                   0x00007a69   Thumb Code   128  strcmpv7m.o(.text)
    __use_two_region_memory                  0x00007ae9   Thumb Code     2  heapauxi.o(.text)
    __rt_heap_escrow$2region                 0x00007aeb   Thumb Code     2  heapauxi.o(.text)
    __rt_heap_expand$2region                 0x00007aed   Thumb Code     2  heapauxi.o(.text)
    __rt_ctype_table                         0x00007af1   Thumb Code    16  rt_ctype_table.o(.text)
    __aeabi_errno_addr                       0x00007b01   Thumb Code     8  rt_errno_addr_intlibspace.o(.text)
    __errno$intlibspace                      0x00007b01   Thumb Code     0  rt_errno_addr_intlibspace.o(.text)
    __rt_errno_addr$intlibspace              0x00007b01   Thumb Code     0  rt_errno_addr_intlibspace.o(.text)
    _printf_int_common                       0x00007b09   Thumb Code   178  _printf_intcommon.o(.text)
    _printf_char_common                      0x00007bc7   Thumb Code    32  _printf_char_common.o(.text)
    _sputc                                   0x00007bed   Thumb Code    10  _sputc.o(.text)
    _printf_cs_common                        0x00007bf7   Thumb Code    20  _printf_char.o(.text)
    _printf_char                             0x00007c0b   Thumb Code    16  _printf_char.o(.text)
    _printf_string                           0x00007c1b   Thumb Code     8  _printf_char.o(.text)
    _printf_lcs_common                       0x00007c23   Thumb Code    20  _printf_wchar.o(.text)
    _printf_wchar                            0x00007c37   Thumb Code    16  _printf_wchar.o(.text)
    _printf_wstring                          0x00007c47   Thumb Code     8  _printf_wchar.o(.text)
    _chval                                   0x00007c4f   Thumb Code    28  _chval.o(.text)
    __vfscanf_char                           0x00007c79   Thumb Code    24  scanf_char.o(.text)
    _sgetc                                   0x00007c99   Thumb Code    30  _sgetc.o(.text)
    _sbackspace                              0x00007cb7   Thumb Code    34  _sgetc.o(.text)
    _strtoul                                 0x00007cd9   Thumb Code   158  _strtoul.o(.text)
    _wcrtomb                                 0x00007d77   Thumb Code    64  _wcrtomb.o(.text)
    __aeabi_memcpy4                          0x00007db7   Thumb Code     0  rt_memcpy_w.o(.text)
    __aeabi_memcpy8                          0x00007db7   Thumb Code     0  rt_memcpy_w.o(.text)
    __rt_memcpy_w                            0x00007db7   Thumb Code   100  rt_memcpy_w.o(.text)
    _memcpy_lastbytes_aligned                0x00007dff   Thumb Code     0  rt_memcpy_w.o(.text)
    __user_libspace                          0x00007e1d   Thumb Code     8  libspace.o(.text)
    __user_perproc_libspace                  0x00007e1d   Thumb Code     0  libspace.o(.text)
    __user_perthread_libspace                0x00007e1d   Thumb Code     0  libspace.o(.text)
    __rt_locale                              0x00007e25   Thumb Code     8  rt_locale_intlibspace.o(.text)
    isspace                                  0x00007e2d   Thumb Code    18  isspace.o(.text)
    __vfscanf                                0x00007e41   Thumb Code   880  _scanf.o(.text)
    __user_setup_stackheap                   0x000081b5   Thumb Code    74  sys_stackheap_outer.o(.text)
    exit                                     0x000081ff   Thumb Code    18  exit.o(.text)
    _sys_exit                                0x00008211   Thumb Code     8  sys_exit.o(.text)
    __semihosting_library_function           0x0000821d   Thumb Code     0  indicate_semi.o(.text)
    _is_digit                                0x0000821d   Thumb Code    14  __printf_wp.o(i._is_digit)
    alloc_mem                                0x00008261   Thumb Code   174  at_mem.o(i.alloc_mem)
    arp_cache_add                            0x00008319   Thumb Code   174  at_arp.o(i.arp_cache_add)
    arp_cache_early                          0x00008459   Thumb Code   142  at_arp.o(i.arp_cache_early)
    arp_cache_find                           0x000084f1   Thumb Code   168  at_arp.o(i.arp_cache_find)
    arp_cache_update                         0x000085a5   Thumb Code   228  at_arp.o(i.arp_cache_update)
    arp_init                                 0x00008699   Thumb Code    34  at_arp.o(i.arp_init)
    arp_notify                               0x000086f9   Thumb Code    26  at_arp.o(i.arp_notify)
    arp_process                              0x000087a9   Thumb Code   294  at_arp.o(i.arp_process)
    avail_mem                                0x00008a39   Thumb Code    22  at_mem.o(i.avail_mem)
    b64_to_asc                               0x00008a55   Thumb Code   120  at_lib.o(i.b64_to_asc)
    calc_chksum16be                          0x00008acd   Thumb Code    18  at_lib.o(i.calc_chksum16be)
    cgx_content_type                         0x00008adf   Thumb Code     4  at_http.o(i.cgx_content_type)
    chksum16_buf                             0x00008cb1   Thumb Code    40  at_lib.o(i.chksum16_buf)
    chksum16_val                             0x00008cd9   Thumb Code    10  at_lib.o(i.chksum16_val)
    eth_chk_adr                              0x00008d29   Thumb Code    10  at_ethernet.o(i.eth_chk_adr)
    eth_init_link                            0x00008d39   Thumb Code    40  at_ethernet.o(i.eth_init_link)
    eth_run_link                             0x00008d6d   Thumb Code   194  at_ethernet.o(i.eth_run_link)
    eth_send_frame                           0x00008e41   Thumb Code   150  at_ethernet.o(i.eth_send_frame)
    free_mem                                 0x00008ee9   Thumb Code   124  at_mem.o(i.free_mem)
    get_rnd32                                0x00009059   Thumb Code    18  at_system.o(i.get_rnd32)
    http_accept_host                         0x00009087   Thumb Code     4  at_http.o(i.http_accept_host)
    http_check_account                       0x00009349   Thumb Code     4  at_http.o(i.http_check_account)
    http_fclose                              0x000094d5   Thumb Code     2  at_http_uif.o(i.http_fclose)
    http_fgets                               0x000094d7   Thumb Code     4  at_http_uif.o(i.http_fgets)
    http_file_access                         0x000094db   Thumb Code     4  at_http.o(i.http_file_access)
    http_finfo                               0x000094df   Thumb Code     4  at_http_uif.o(i.http_finfo)
    http_fopen                               0x000094e3   Thumb Code     4  at_http_uif.o(i.http_fopen)
    http_fread                               0x000094e7   Thumb Code     4  at_http_uif.o(i.http_fread)
    http_get_var                             0x000094ed   Thumb Code   104  at_http.o(i.http_get_var)
    http_init                                0x00009559   Thumb Code    72  at_http.o(i.http_init)
    http_run_server                          0x00009d15   Thumb Code   816  at_http.o(i.http_run_server)
    icmp_init                                0x0000a119   Thumb Code    10  at_icmp.o(i.icmp_init)
    icmp_process                             0x0000a129   Thumb Code   198  at_icmp.o(i.icmp_process)
    icmp_run_engine                          0x0000a1f5   Thumb Code    58  at_icmp.o(i.icmp_run_engine)
    ifree_mem                                0x0000a2ad   Thumb Code    48  at_mem.o(i.ifree_mem)
    init_TcpNet                              0x0000a2e5   Thumb Code    38  at_system.o(i.init_TcpNet)
    init_mem                                 0x0000a315   Thumb Code    86  at_mem.o(i.init_mem)
    ip_chk_frame                             0x0000a375   Thumb Code   190  at_ip.o(i.ip_chk_frame)
    ip_get_locadr                            0x0000a449   Thumb Code   166  at_ip.o(i.ip_get_locadr)
    ip_init                                  0x0000a501   Thumb Code     8  at_ip.o(i.ip_init)
    ip_run_local                             0x0000a50d   Thumb Code    82  at_ip.o(i.ip_run_local)
    ip_send_frame                            0x0000a569   Thumb Code   328  at_ip.o(i.ip_send_frame)
    is_subnet                                0x0000a6b9   Thumb Code    20  at_lib.o(i.is_subnet)
    main_TcpNet                              0x0000a6cd   Thumb Code    86  at_system.o(i.main_TcpNet)
    mem_comp                                 0x0000a731   Thumb Code    24  at_lib.o(i.mem_comp)
    mem_copy                                 0x0000a749   Thumb Code    22  at_lib.o(i.mem_copy)
    mem_crc32                                0x0000a75f   Thumb Code    32  at_lib.o(i.mem_crc32)
    mem_set                                  0x0000a77f   Thumb Code    10  at_lib.o(i.mem_set)
    mem_test                                 0x0000a789   Thumb Code    20  at_lib.o(i.mem_test)
    nrd_u32be                                0x0000a79d   Thumb Code    22  at_lib.o(i.nrd_u32be)
    nwr_u32be                                0x0000a7b3   Thumb Code    16  at_lib.o(i.nwr_u32be)
    put_in_queue                             0x0000a7ed   Thumb Code    36  at_ethernet.o(i.put_in_queue)
    resize_mem                               0x0000a8b5   Thumb Code    68  at_mem.o(i.resize_mem)
    str_copy                                 0x0000a949   Thumb Code    18  at_lib.o(i.str_copy)
    str_crc32                                0x0000a95b   Thumb Code    26  at_lib.o(i.str_crc32)
    str_pos                                  0x0000a975   Thumb Code    22  at_lib.o(i.str_pos)
    str_scomp                                0x0000a98b   Thumb Code    26  at_lib.o(i.str_scomp)
    tcp_abort                                0x0000a9a5   Thumb Code    76  at_tcp.o(i.tcp_abort)
    tcp_close                                0x0000a9f5   Thumb Code   150  at_tcp.o(i.tcp_close)
    tcp_get_buf                              0x0000aa91   Thumb Code    32  at_tcp.o(i.tcp_get_buf)
    tcp_get_socket                           0x0000aab1   Thumb Code    70  at_tcp.o(i.tcp_get_socket)
    tcp_get_state                            0x0000aafd   Thumb Code    32  at_tcp.o(i.tcp_get_state)
    tcp_init                                 0x0000ab21   Thumb Code    18  at_tcp.o(i.tcp_init)
    tcp_listen                               0x0000ab39   Thumb Code   102  at_tcp.o(i.tcp_listen)
    tcp_max_dsize                            0x0000ac3d   Thumb Code    30  at_tcp.o(i.tcp_max_dsize)
    tcp_poll_sockets                         0x0000acc1   Thumb Code   630  at_tcp.o(i.tcp_poll_sockets)
    tcp_process                              0x0000b061   Thumb Code  1164  at_tcp.o(i.tcp_process)
    tcp_send                                 0x0000b5c1   Thumb Code   204  at_tcp.o(i.tcp_send)
    timer_tick                               0x0000b909   Thumb Code    14  at_system.o(i.timer_tick)
    udp_init                                 0x0000b91d   Thumb Code    18  at_udp.o(i.udp_init)
    udp_process                              0x0000b935   Thumb Code   178  at_udp.o(i.udp_process)
    _get_lc_ctype                            0x0000bacd   Thumb Code    44  lc_ctype_c.o(locale$$code)
    __aeabi_dadd                             0x0000baf9   Thumb Code     0  daddsub_clz.o(x$fpl$dadd)
    _dadd                                    0x0000baf9   Thumb Code   332  daddsub_clz.o(x$fpl$dadd)
    __fpl_dcmp_Inf                           0x0000bc49   Thumb Code    24  dcmpi.o(x$fpl$dcmpinf)
    __aeabi_ddiv                             0x0000bc61   Thumb Code     0  ddiv.o(x$fpl$ddiv)
    _ddiv                                    0x0000bc61   Thumb Code   552  ddiv.o(x$fpl$ddiv)
    __aeabi_cdcmpeq                          0x0000bf11   Thumb Code     0  deqf.o(x$fpl$deqf)
    _dcmpeq                                  0x0000bf11   Thumb Code   120  deqf.o(x$fpl$deqf)
    __aeabi_d2uiz                            0x0000bf89   Thumb Code     0  dfixu.o(x$fpl$dfixu)
    _dfixu                                   0x0000bf89   Thumb Code    90  dfixu.o(x$fpl$dfixu)
    __aeabi_i2d                              0x0000bfe3   Thumb Code     0  dflt_clz.o(x$fpl$dflt)
    _dflt                                    0x0000bfe3   Thumb Code    46  dflt_clz.o(x$fpl$dflt)
    __aeabi_ui2d                             0x0000c011   Thumb Code     0  dflt_clz.o(x$fpl$dfltu)
    _dfltu                                   0x0000c011   Thumb Code    38  dflt_clz.o(x$fpl$dfltu)
    __aeabi_dmul                             0x0000c039   Thumb Code     0  dmul.o(x$fpl$dmul)
    _dmul                                    0x0000c039   Thumb Code   332  dmul.o(x$fpl$dmul)
    __fpl_dnaninf                            0x0000c18d   Thumb Code   156  dnaninf.o(x$fpl$dnaninf)
    __fpl_dretinf                            0x0000c229   Thumb Code    12  dretinf.o(x$fpl$dretinf)
    __aeabi_dsub                             0x0000c235   Thumb Code     0  daddsub_clz.o(x$fpl$dsub)
    _dsub                                    0x0000c235   Thumb Code   464  daddsub_clz.o(x$fpl$dsub)
    __I$use$fp                               0x0000c408   Number         0  usenofp.o(x$fpl$usenofp)
    muestra                                  0x0000c9f8   Data       15872  timer.o(.constdata)
    nlocalm                                  0x000107f8   Data          60  net_config.o(.constdata)
    sys_config                               0x00010834   Data          16  net_config.o(.constdata)
    arp_config                               0x00010844   Data          12  net_config.o(.constdata)
    udp_config                               0x00010850   Data           8  net_config.o(.constdata)
    tcp_config                               0x00010858   Data          24  net_config.o(.constdata)
    http_config                              0x00010870   Data          24  net_config.o(.constdata)
    FileMD                                   0x00010888   Data           4  web.o(.constdata)
    FileTab                                  0x00011144   Data          16  web.o(.constdata)
    IP_Broadcast                             0x0001115a   Data           4  at_ip.o(.constdata)
    MAC_Broadcast                            0x00011256   Data           6  at_ethernet.o(.constdata)
    http_err_401                             0x0001125c   Data          86  http_err.o(.constdata)
    http_err_403                             0x000112b2   Data          81  http_err.o(.constdata)
    http_err_404                             0x00011303   Data          78  http_err.o(.constdata)
    http_err_501                             0x00011351   Data          75  http_err.o(.constdata)
    http_err_head                            0x0001139c   Data          47  http_err.o(.constdata)
    http_err_foot                            0x000113cb   Data         136  http_err.o(.constdata)
    Region$$Table$$Base                      0x00011710   Number         0  anon$$obj.o(Region$$Table)
    Region$$Table$$Limit                     0x00011740   Number         0  anon$$obj.o(Region$$Table)
    __ctype                                  0x0001174d   Data           0  lc_ctype_c.o(locale$$data)
    SystemCoreClock                          0x10000000   Data           4  system_lpc17xx.o(.data)
    matrix                                   0x10000008   Data          56  touchpanel.o(.data)
    display                                  0x10000040   Data           4  touchpanel.o(.data)
    DisplaySample                            0x10000044   Data          12  touchpanel.o(.data)
    SLuz1                                    0x10000054   Data           4  tp_simple.o(.data)
    SLuz2                                    0x10000058   Data           4  tp_simple.o(.data)
    SPromedio                                0x1000005c   Data           4  tp_simple.o(.data)
    messageText                              0x10000060   Data          26  tp_simple.o(.data)
    aux1                                     0x1000007a   Data           1  tp_simple.o(.data)
    aux2                                     0x1000007b   Data           1  tp_simple.o(.data)
    aux3                                     0x1000007c   Data           1  tp_simple.o(.data)
    aux4                                     0x1000007d   Data           1  tp_simple.o(.data)
    aux5                                     0x1000007e   Data           1  tp_simple.o(.data)
    aux6                                     0x1000007f   Data           1  tp_simple.o(.data)
    aux7                                     0x10000080   Data           1  tp_simple.o(.data)
    aux8                                     0x10000081   Data           1  tp_simple.o(.data)
    aux9                                     0x10000082   Data           1  tp_simple.o(.data)
    aux10                                    0x10000083   Data           1  tp_simple.o(.data)
    aux11                                    0x10000084   Data           1  tp_simple.o(.data)
    aux12                                    0x10000085   Data           1  tp_simple.o(.data)
    aux13                                    0x10000086   Data           1  tp_simple.o(.data)
    aux14                                    0x10000087   Data           1  tp_simple.o(.data)
    dep_nunchuck                             0x10000088   Data           1  tp_simple.o(.data)
    Cabecera                                 0x1000008a   Data          10  tp_simple.o(.data)
    subCabecera                              0x10000094   Data          10  tp_simple.o(.data)
    Manual                                   0x1000009e   Data          10  tp_simple.o(.data)
    Automatico                               0x100000a8   Data          10  tp_simple.o(.data)
    Depuracion                               0x100000b2   Data          10  tp_simple.o(.data)
    Infor                                    0x100000bc   Data          10  tp_simple.o(.data)
    VDer                                     0x100000c6   Data          10  tp_simple.o(.data)
    DatDer                                   0x100000d0   Data          10  tp_simple.o(.data)
    VIzq                                     0x100000da   Data          10  tp_simple.o(.data)
    DatIzq                                   0x100000e4   Data          10  tp_simple.o(.data)
    PServ                                    0x100000ee   Data          10  tp_simple.o(.data)
    DatServ                                  0x100000f8   Data          10  tp_simple.o(.data)
    Dist                                     0x10000102   Data          10  tp_simple.o(.data)
    DatDist                                  0x1000010c   Data          10  tp_simple.o(.data)
    Luz1                                     0x10000116   Data          10  tp_simple.o(.data)
    DatLuz1                                  0x10000120   Data          10  tp_simple.o(.data)
    Luz2                                     0x1000012a   Data          10  tp_simple.o(.data)
    DatLuz2                                  0x10000134   Data          10  tp_simple.o(.data)
    Promedio                                 0x1000013e   Data          10  tp_simple.o(.data)
    DatPromedio                              0x10000148   Data          10  tp_simple.o(.data)
    DVDer                                    0x10000152   Data          10  tp_simple.o(.data)
    DDatDer                                  0x1000015c   Data          10  tp_simple.o(.data)
    zone_1                                   0x10000166   Data          10  tp_simple.o(.data)
    zone_2                                   0x10000170   Data          10  tp_simple.o(.data)
    DVIzq                                    0x1000017a   Data          10  tp_simple.o(.data)
    DDatIzq                                  0x10000184   Data          10  tp_simple.o(.data)
    zone_3                                   0x1000018e   Data          10  tp_simple.o(.data)
    zone_4                                   0x10000198   Data          10  tp_simple.o(.data)
    DPServ                                   0x100001a2   Data          10  tp_simple.o(.data)
    DDatServ                                 0x100001ac   Data          10  tp_simple.o(.data)
    zone_5                                   0x100001b6   Data          10  tp_simple.o(.data)
    zone_6                                   0x100001c0   Data          10  tp_simple.o(.data)
    DDist                                    0x100001ca   Data          10  tp_simple.o(.data)
    DDatDist                                 0x100001d4   Data          10  tp_simple.o(.data)
    DLuz1                                    0x100001de   Data          10  tp_simple.o(.data)
    DDatLuz1                                 0x100001e8   Data          10  tp_simple.o(.data)
    DLuz2                                    0x100001f2   Data          10  tp_simple.o(.data)
    DDatLuz2                                 0x100001fc   Data          10  tp_simple.o(.data)
    DPromedio                                0x10000206   Data          10  tp_simple.o(.data)
    DDatPromedio                             0x10000210   Data          10  tp_simple.o(.data)
    IP                                       0x1000021a   Data          10  tp_simple.o(.data)
    DatIP                                    0x10000224   Data          10  tp_simple.o(.data)
    zone_7                                   0x1000022e   Data          10  tp_simple.o(.data)
    pressedTouchPanel                        0x10000238   Data           1  tp_simple.o(.data)
    VelDer                                   0x10000239   Data           1  pwm.o(.data)
    VelIzq                                   0x1000023a   Data           1  pwm.o(.data)
    Posserv                                  0x1000023b   Data           1  pwm.o(.data)
    Estado                                   0x1000023c   Data           1  statechar.o(.data)
    ejex                                     0x10000240   Data           4  nunchuck.o(.data)
    ejey                                     0x10000244   Data           4  nunchuck.o(.data)
    x                                        0x10000248   Data           1  nunchuck.o(.data)
    y                                        0x10000249   Data           1  nunchuck.o(.data)
    acelerometro_x                           0x1000024a   Data           1  nunchuck.o(.data)
    acelerometro_y                           0x1000024b   Data           1  nunchuck.o(.data)
    acelerometro_z                           0x1000024c   Data           1  nunchuck.o(.data)
    resto                                    0x1000024d   Data           1  nunchuck.o(.data)
    canal_1                                  0x10000250   Data           4  adc.o(.data)
    canal_2                                  0x10000254   Data           4  adc.o(.data)
    canal_5                                  0x10000258   Data           4  adc.o(.data)
    audio                                    0x1000025c   Data           1  adc.o(.data)
    ALARMA                                   0x10000260   Data           4  adc.o(.data)
    GRABANDO                                 0x10000264   Data           4  adc.o(.data)
    GRABADO                                  0x10000268   Data           4  adc.o(.data)
    FIN                                      0x1000026c   Data           4  adc.o(.data)
    N                                        0x10000274   Data           4  timer.o(.data)
    distancia                                0x10000278   Data           4  timer.o(.data)
    tiempo                                   0x1000027c   Data           4  timer.o(.data)
    barridoluz                               0x10000280   Data           1  timer.o(.data)
    valorluz                                 0x10000284   Data           4  timer.o(.data)
    Luz                                      0x10000288   Data           1  timer.o(.data)
    flagContadorKey1                         0x10000289   Data           1  timer.o(.data)
    flagContadorKey2                         0x1000028a   Data           1  timer.o(.data)
    flagCambioMas2segPulsadores              0x1000028b   Data           1  timer.o(.data)
    flagCambioMenos2segPulsadores            0x1000028c   Data           1  timer.o(.data)
    contadorKey1                             0x10000290   Data           4  timer.o(.data)
    contadorKey2                             0x10000294   Data           4  timer.o(.data)
    flagContadorC                            0x10000298   Data           1  timer.o(.data)
    flagContadorZ                            0x10000299   Data           1  timer.o(.data)
    flagCambioMas2segBotones                 0x1000029a   Data           1  timer.o(.data)
    flagCambioMenos2segBotones               0x1000029b   Data           1  timer.o(.data)
    contadorC                                0x1000029c   Data           4  timer.o(.data)
    contadorZ                                0x100002a0   Data           4  timer.o(.data)
    flagCambioPulsandoC                      0x100002a4   Data           1  timer.o(.data)
    Lectura_nunchuck                         0x100002a8   Data           4  timer.o(.data)
    GiroDer                                  0x100002ac   Data           4  timer.o(.data)
    GiroIzq                                  0x100002b0   Data           4  timer.o(.data)
    Barrido                                  0x100002b4   Data           1  timer.o(.data)
    Barrido_Completo                         0x100002b5   Data           1  timer.o(.data)
    Giro90                                   0x100002b6   Data           1  timer.o(.data)
    Giromenos90                              0x100002b7   Data           1  timer.o(.data)
    aux_barrido                              0x100002b8   Data           4  timer.o(.data)
    aux_Giro                                 0x100002bc   Data           4  timer.o(.data)
    aux                                      0x100002c0   Data           4  timer.o(.data)
    grados                                   0x100002c4   Data           4  timer.o(.data)
    umbralDistancia                          0x100002c8   Data           4  timer.o(.data)
    ptr_rx                                   0x100002d4   Data           4  bluetooth.o(.data)
    ptr                                      0x100002d8   Data           4  bluetooth.o(.data)
    rx_completa                              0x100002dc   Data           1  bluetooth.o(.data)
    ptr_tx                                   0x100002e0   Data           4  bluetooth.o(.data)
    tx_completa                              0x100002e4   Data           1  bluetooth.o(.data)
    fin                                      0x100002e5   Data           1  bluetooth.o(.data)
    auxbth                                   0x100002e8   Data           4  bluetooth.o(.data)
    auxmuestras                              0x100002ec   Data           4  bluetooth.o(.data)
    estado_uart                              0x100002f0   Data           4  bluetooth.o(.data)
    orden_preparada                          0x100002f4   Data           1  bluetooth.o(.data)
    milisegundos                             0x100002f8   Data           4  bluetooth.o(.data)
    modobluetooth                            0x100002fc   Data           1  bluetooth.o(.data)
    auxhttp                                  0x10000300   Data           4  http_cgi.o(.data)
    iap_entry                                0x10000304   Data           4  emac_lpc17xx_lan8720.o(.data)
    lhost_name                               0x10000318   Data          16  net_config.o(.data)
    own_hw_adr                               0x10000328   Data           6  net_config.o(.data)
    ScreenSample                             0x10000368   Data          12  touchpanel.o(.bss)
    texto1                                   0x10000374   Data          25  tp_simple.o(.bss)
    texto2                                   0x1000038d   Data          25  tp_simple.o(.bss)
    texto3                                   0x100003a6   Data          25  tp_simple.o(.bss)
    texto4                                   0x100003bf   Data          25  tp_simple.o(.bss)
    texto5                                   0x100003d8   Data          25  tp_simple.o(.bss)
    texto6                                   0x100003f1   Data          25  tp_simple.o(.bss)
    texto7                                   0x1000040a   Data          25  tp_simple.o(.bss)
    muestras                                 0x10000423   Data       15872  adc.o(.bss)
    buffer                                   0x10004223   Data          30  bluetooth.o(.bss)
    buffer_tx                                0x10004241   Data          30  bluetooth.o(.bss)
    localm                                   0x10004304   Data          60  at_system.o(.bss)
    sys_control                              0x10004340   Data          16  at_system.o(.bss)
    __libspace_start                         0x10004350   Data          96  libspace.o(.bss)
    __temporary_stack_top$libspace           0x100043b0   Data           0  libspace.o(.bss)



==============================================================================

Memory Map of the image

  Image Entry point : 0x000000cd

  Load Region LR_IROM1 (Base: 0x00000000, Size: 0x00011bb8, Max: 0x00080000, ABSOLUTE, COMPRESSED[0x00011974])

    Execution Region ER_IROM1 (Exec base: 0x00000000, Load base: 0x00000000, Size: 0x00011850, Max: 0x00080000, ABSOLUTE)

    Exec Addr    Load Addr    Size         Type   Attr      Idx    E Section Name        Object

    0x00000000   0x00000000   0x000000cc   Data   RO           14    RESET               startup_lpc17xx.o
    0x000000cc   0x000000cc   0x00000008   Code   RO         1057  * !!!main             c_w.l(__main.o)
    0x000000d4   0x000000d4   0x00000034   Code   RO         1303    !!!scatter          c_w.l(__scatter.o)
    0x00000108   0x00000108   0x0000005a   Code   RO         1301    !!dczerorl2         c_w.l(__dczerorl2.o)
    0x00000162   0x00000162   0x00000002   PAD
    0x00000164   0x00000164   0x0000001c   Code   RO         1305    !!handler_zi        c_w.l(__scatter_zi.o)
    0x00000180   0x00000180   0x00000000   Code   RO         1037    .ARM.Collect$$_printf_percent$$00000000  c_w.l(_printf_percent.o)
    0x00000180   0x00000180   0x00000006   Code   RO         1030    .ARM.Collect$$_printf_percent$$00000001  c_w.l(_printf_n.o)
    0x00000186   0x00000186   0x00000006   Code   RO         1032    .ARM.Collect$$_printf_percent$$00000002  c_w.l(_printf_p.o)
    0x0000018c   0x0000018c   0x00000006   Code   RO         1034    .ARM.Collect$$_printf_percent$$00000008  c_w.l(_printf_i.o)
    0x00000192   0x00000192   0x00000006   Code   RO         1035    .ARM.Collect$$_printf_percent$$00000009  c_w.l(_printf_d.o)
    0x00000198   0x00000198   0x00000006   Code   RO         1036    .ARM.Collect$$_printf_percent$$0000000A  c_w.l(_printf_u.o)
    0x0000019e   0x0000019e   0x00000006   Code   RO         1033    .ARM.Collect$$_printf_percent$$0000000B  c_w.l(_printf_o.o)
    0x000001a4   0x000001a4   0x00000006   Code   RO         1031    .ARM.Collect$$_printf_percent$$0000000C  c_w.l(_printf_x.o)
    0x000001aa   0x000001aa   0x0000000a   Code   RO         1106    .ARM.Collect$$_printf_percent$$00000012  c_w.l(_printf_l.o)
    0x000001b4   0x000001b4   0x00000006   Code   RO         1028    .ARM.Collect$$_printf_percent$$00000013  c_w.l(_printf_c.o)
    0x000001ba   0x000001ba   0x00000006   Code   RO         1029    .ARM.Collect$$_printf_percent$$00000014  c_w.l(_printf_s.o)
    0x000001c0   0x000001c0   0x00000006   Code   RO         1038    .ARM.Collect$$_printf_percent$$00000015  c_w.l(_printf_lc.o)
    0x000001c6   0x000001c6   0x00000004   Code   RO         1105    .ARM.Collect$$_printf_percent$$00000017  c_w.l(_printf_percent_end.o)
    0x000001ca   0x000001ca   0x00000002   Code   RO         1173    .ARM.Collect$$libinit$$00000000  c_w.l(libinit.o)
    0x000001cc   0x000001cc   0x00000000   Code   RO         1175    .ARM.Collect$$libinit$$00000002  c_w.l(libinit2.o)
    0x000001cc   0x000001cc   0x00000000   Code   RO         1177    .ARM.Collect$$libinit$$00000004  c_w.l(libinit2.o)
    0x000001cc   0x000001cc   0x00000000   Code   RO         1180    .ARM.Collect$$libinit$$0000000A  c_w.l(libinit2.o)
    0x000001cc   0x000001cc   0x00000000   Code   RO         1182    .ARM.Collect$$libinit$$0000000C  c_w.l(libinit2.o)
    0x000001cc   0x000001cc   0x00000000   Code   RO         1184    .ARM.Collect$$libinit$$0000000E  c_w.l(libinit2.o)
    0x000001cc   0x000001cc   0x00000006   Code   RO         1185    .ARM.Collect$$libinit$$0000000F  c_w.l(libinit2.o)
    0x000001d2   0x000001d2   0x00000000   Code   RO         1187    .ARM.Collect$$libinit$$00000011  c_w.l(libinit2.o)
    0x000001d2   0x000001d2   0x0000000c   Code   RO         1188    .ARM.Collect$$libinit$$00000012  c_w.l(libinit2.o)
    0x000001de   0x000001de   0x00000000   Code   RO         1189    .ARM.Collect$$libinit$$00000013  c_w.l(libinit2.o)
    0x000001de   0x000001de   0x00000000   Code   RO         1191    .ARM.Collect$$libinit$$00000015  c_w.l(libinit2.o)
    0x000001de   0x000001de   0x00000000   Code   RO         1193    .ARM.Collect$$libinit$$00000017  c_w.l(libinit2.o)
    0x000001de   0x000001de   0x00000000   Code   RO         1195    .ARM.Collect$$libinit$$00000019  c_w.l(libinit2.o)
    0x000001de   0x000001de   0x00000000   Code   RO         1197    .ARM.Collect$$libinit$$0000001B  c_w.l(libinit2.o)
    0x000001de   0x000001de   0x00000000   Code   RO         1199    .ARM.Collect$$libinit$$0000001D  c_w.l(libinit2.o)
    0x000001de   0x000001de   0x00000000   Code   RO         1201    .ARM.Collect$$libinit$$0000001F  c_w.l(libinit2.o)
    0x000001de   0x000001de   0x00000000   Code   RO         1203    .ARM.Collect$$libinit$$00000021  c_w.l(libinit2.o)
    0x000001de   0x000001de   0x00000000   Code   RO         1205    .ARM.Collect$$libinit$$00000023  c_w.l(libinit2.o)
    0x000001de   0x000001de   0x00000000   Code   RO         1207    .ARM.Collect$$libinit$$00000025  c_w.l(libinit2.o)
    0x000001de   0x000001de   0x00000000   Code   RO         1211    .ARM.Collect$$libinit$$0000002C  c_w.l(libinit2.o)
    0x000001de   0x000001de   0x00000000   Code   RO         1213    .ARM.Collect$$libinit$$0000002E  c_w.l(libinit2.o)
    0x000001de   0x000001de   0x00000000   Code   RO         1215    .ARM.Collect$$libinit$$00000030  c_w.l(libinit2.o)
    0x000001de   0x000001de   0x00000000   Code   RO         1217    .ARM.Collect$$libinit$$00000032  c_w.l(libinit2.o)
    0x000001de   0x000001de   0x00000002   Code   RO         1218    .ARM.Collect$$libinit$$00000033  c_w.l(libinit2.o)
    0x000001e0   0x000001e0   0x00000002   Code   RO         1265    .ARM.Collect$$libshutdown$$00000000  c_w.l(libshutdown.o)
    0x000001e2   0x000001e2   0x00000000   Code   RO         1283    .ARM.Collect$$libshutdown$$00000002  c_w.l(libshutdown2.o)
    0x000001e2   0x000001e2   0x00000000   Code   RO         1285    .ARM.Collect$$libshutdown$$00000004  c_w.l(libshutdown2.o)
    0x000001e2   0x000001e2   0x00000000   Code   RO         1287    .ARM.Collect$$libshutdown$$00000006  c_w.l(libshutdown2.o)
    0x000001e2   0x000001e2   0x00000000   Code   RO         1290    .ARM.Collect$$libshutdown$$00000009  c_w.l(libshutdown2.o)
    0x000001e2   0x000001e2   0x00000000   Code   RO         1293    .ARM.Collect$$libshutdown$$0000000C  c_w.l(libshutdown2.o)
    0x000001e2   0x000001e2   0x00000000   Code   RO         1295    .ARM.Collect$$libshutdown$$0000000E  c_w.l(libshutdown2.o)
    0x000001e2   0x000001e2   0x00000000   Code   RO         1298    .ARM.Collect$$libshutdown$$00000011  c_w.l(libshutdown2.o)
    0x000001e2   0x000001e2   0x00000002   Code   RO         1299    .ARM.Collect$$libshutdown$$00000012  c_w.l(libshutdown2.o)
    0x000001e4   0x000001e4   0x00000000   Code   RO         1083    .ARM.Collect$$rtentry$$00000000  c_w.l(__rtentry.o)
    0x000001e4   0x000001e4   0x00000000   Code   RO         1130    .ARM.Collect$$rtentry$$00000002  c_w.l(__rtentry2.o)
    0x000001e4   0x000001e4   0x00000006   Code   RO         1142    .ARM.Collect$$rtentry$$00000004  c_w.l(__rtentry4.o)
    0x000001ea   0x000001ea   0x00000000   Code   RO         1132    .ARM.Collect$$rtentry$$00000009  c_w.l(__rtentry2.o)
    0x000001ea   0x000001ea   0x00000004   Code   RO         1133    .ARM.Collect$$rtentry$$0000000A  c_w.l(__rtentry2.o)
    0x000001ee   0x000001ee   0x00000000   Code   RO         1135    .ARM.Collect$$rtentry$$0000000C  c_w.l(__rtentry2.o)
    0x000001ee   0x000001ee   0x00000008   Code   RO         1136    .ARM.Collect$$rtentry$$0000000D  c_w.l(__rtentry2.o)
    0x000001f6   0x000001f6   0x00000002   Code   RO         1219    .ARM.Collect$$rtexit$$00000000  c_w.l(rtexit.o)
    0x000001f8   0x000001f8   0x00000000   Code   RO         1234    .ARM.Collect$$rtexit$$00000002  c_w.l(rtexit2.o)
    0x000001f8   0x000001f8   0x00000004   Code   RO         1235    .ARM.Collect$$rtexit$$00000003  c_w.l(rtexit2.o)
    0x000001fc   0x000001fc   0x00000006   Code   RO         1236    .ARM.Collect$$rtexit$$00000004  c_w.l(rtexit2.o)
    0x00000202   0x00000202   0x00000002   PAD
    0x00000204   0x00000204   0x00000040   Code   RO           16    .text               startup_lpc17xx.o
    0x00000244   0x00000244   0x00000020   Code   RO           58    .text               asciilib.o
    0x00000264   0x00000264   0x00000028   Code   RO          353    .text               dac.o
    0x0000028c   0x0000028c   0x00000028   Code   RO          465    .text               watchdog.o
    0x000002b4   0x000002b4   0x0000002c   Code   RO          962    .text               c_w.l(__2sprintf.o)
    0x000002e0   0x000002e0   0x0000001a   Code   RO         1043    .text               c_w.l(atoi.o)
    0x000002fa   0x000002fa   0x00000002   Code   RO         1252    .text               c_w.l(use_no_semi.o)
    0x000002fc   0x000002fc   0x00000004   Code   RO           15    .ARM.__at_0x02FC    startup_lpc17xx.o
    0x00000300   0x00000300   0x000002ec   Code   RO           24    .text               system_lpc17xx.o
    0x000005ec   0x000005ec   0x00001790   Code   RO           79    .text               glcd.o
    0x00001d7c   0x00001d7c   0x000007d4   Code   RO          111    .text               touchpanel.o
    0x00002550   0x00002550   0x00002360   Code   RO          134    .text               tp_simple.o
    0x000048b0   0x000048b0   0x000001f4   Code   RO          181    .text               pwm.o
    0x00004aa4   0x00004aa4   0x000000e8   Code   RO          210    .text               main.o
    0x00004b8c   0x00004b8c   0x000001d8   Code   RO          244    .text               statechar.o
    0x00004d64   0x00004d64   0x0000015c   Code   RO          264    .text               i2c_lpc17xx.o
    0x00004ec0   0x00004ec0   0x000002d0   Code   RO          280    .text               nunchuck.o
    0x00005190   0x00005190   0x000002a0   Code   RO          300    .text               adc.o
    0x00005430   0x00005430   0x00000984   Code   RO          325    .text               timer.o
    0x00005db4   0x00005db4   0x00000110   Code   RO          369    .text               interrupciones.o
    0x00005ec4   0x00005ec4   0x000001f8   Code   RO          386    .text               uart.o
    0x000060bc   0x000060bc   0x00000694   Code   RO          406    .text               bluetooth.o
    0x00006750   0x00006750   0x00000348   Code   RO          430    .text               http_cgi.o
    0x00006a98   0x00006a98   0x0000064c   Code   RO          481    .text               emac_lpc17xx_lan8720.o
    0x000070e4   0x000070e4   0x00000074   Code   RO          508    .text               net_config.o
    0x00007158   0x00007158   0x0000009c   Code   RO          530    .text               serial.o
    0x000071f4   0x000071f4   0x000000ee   Code   RO          960    .text               c_w.l(lludivv7m.o)
    0x000072e2   0x000072e2   0x0000004e   Code   RO          968    .text               c_w.l(_printf_pad.o)
    0x00007330   0x00007330   0x00000024   Code   RO          970    .text               c_w.l(_printf_truncate.o)
    0x00007354   0x00007354   0x00000052   Code   RO          972    .text               c_w.l(_printf_str.o)
    0x000073a6   0x000073a6   0x00000002   PAD
    0x000073a8   0x000073a8   0x00000078   Code   RO          974    .text               c_w.l(_printf_dec.o)
    0x00007420   0x00007420   0x00000028   Code   RO          976    .text               c_w.l(_printf_charcount.o)
    0x00007448   0x00007448   0x000000bc   Code   RO          978    .text               c_w.l(_printf_wctomb.o)
    0x00007504   0x00007504   0x00000050   Code   RO          983    .text               c_w.l(_printf_oct_int.o)
    0x00007554   0x00007554   0x0000007c   Code   RO          999    .text               c_w.l(_printf_hex_int_ptr.o)
    0x000075d0   0x000075d0   0x00000188   Code   RO         1025    .text               c_w.l(__printf_flags_ss_wp.o)
    0x00007758   0x00007758   0x0000003c   Code   RO         1039    .text               c_w.l(__0sscanf.o)
    0x00007794   0x00007794   0x0000014c   Code   RO         1041    .text               c_w.l(_scanf_int.o)
    0x000078e0   0x000078e0   0x00000070   Code   RO         1045    .text               c_w.l(strtol.o)
    0x00007950   0x00007950   0x0000003e   Code   RO         1047    .text               c_w.l(strlen.o)
    0x0000798e   0x0000798e   0x0000008a   Code   RO         1049    .text               c_w.l(rt_memcpy_v6.o)
    0x00007a18   0x00007a18   0x0000004e   Code   RO         1051    .text               c_w.l(rt_memclr_w.o)
    0x00007a66   0x00007a66   0x00000002   PAD
    0x00007a68   0x00007a68   0x00000080   Code   RO         1053    .text               c_w.l(strcmpv7m.o)
    0x00007ae8   0x00007ae8   0x00000006   Code   RO         1055    .text               c_w.l(heapauxi.o)
    0x00007aee   0x00007aee   0x00000002   PAD
    0x00007af0   0x00007af0   0x00000010   Code   RO         1084    .text               c_w.l(rt_ctype_table.o)
    0x00007b00   0x00007b00   0x00000008   Code   RO         1093    .text               c_w.l(rt_errno_addr_intlibspace.o)
    0x00007b08   0x00007b08   0x000000b2   Code   RO         1095    .text               c_w.l(_printf_intcommon.o)
    0x00007bba   0x00007bba   0x00000002   PAD
    0x00007bbc   0x00007bbc   0x00000030   Code   RO         1097    .text               c_w.l(_printf_char_common.o)
    0x00007bec   0x00007bec   0x0000000a   Code   RO         1099    .text               c_w.l(_sputc.o)
    0x00007bf6   0x00007bf6   0x0000002c   Code   RO         1101    .text               c_w.l(_printf_char.o)
    0x00007c22   0x00007c22   0x0000002c   Code   RO         1103    .text               c_w.l(_printf_wchar.o)
    0x00007c4e   0x00007c4e   0x0000001c   Code   RO         1107    .text               c_w.l(_chval.o)
    0x00007c6a   0x00007c6a   0x00000002   PAD
    0x00007c6c   0x00007c6c   0x0000002c   Code   RO         1109    .text               c_w.l(scanf_char.o)
    0x00007c98   0x00007c98   0x00000040   Code   RO         1111    .text               c_w.l(_sgetc.o)
    0x00007cd8   0x00007cd8   0x0000009e   Code   RO         1113    .text               c_w.l(_strtoul.o)
    0x00007d76   0x00007d76   0x00000040   Code   RO         1115    .text               c_w.l(_wcrtomb.o)
    0x00007db6   0x00007db6   0x00000064   Code   RO         1117    .text               c_w.l(rt_memcpy_w.o)
    0x00007e1a   0x00007e1a   0x00000002   PAD
    0x00007e1c   0x00007e1c   0x00000008   Code   RO         1126    .text               c_w.l(libspace.o)
    0x00007e24   0x00007e24   0x00000008   Code   RO         1149    .text               c_w.l(rt_locale_intlibspace.o)
    0x00007e2c   0x00007e2c   0x00000012   Code   RO         1151    .text               c_w.l(isspace.o)
    0x00007e3e   0x00007e3e   0x00000002   PAD
    0x00007e40   0x00007e40   0x00000374   Code   RO         1155    .text               c_w.l(_scanf.o)
    0x000081b4   0x000081b4   0x0000004a   Code   RO         1160    .text               c_w.l(sys_stackheap_outer.o)
    0x000081fe   0x000081fe   0x00000012   Code   RO         1162    .text               c_w.l(exit.o)
    0x00008210   0x00008210   0x0000000c   Code   RO         1231    .text               c_w.l(sys_exit.o)
    0x0000821c   0x0000821c   0x00000000   Code   RO         1254    .text               c_w.l(indicate_semi.o)
    0x0000821c   0x0000821c   0x0000000e   Code   RO         1018    i._is_digit         c_w.l(__printf_wp.o)
    0x0000822a   0x0000822a   0x00000002   PAD
    0x0000822c   0x0000822c   0x00000034   Code   RO          741    i.add_server_id     TCP_CM3.lib(at_http.o)
    0x00008260   0x00008260   0x000000b8   Code   RO          895    i.alloc_mem         TCP_CM3.lib(at_mem.o)
    0x00008318   0x00008318   0x000000b8   Code   RO          557    i.arp_cache_add     TCP_CM3.lib(at_arp.o)
    0x000083d0   0x000083d0   0x00000088   Code   RO          558    i.arp_cache_alloc   TCP_CM3.lib(at_arp.o)
    0x00008458   0x00008458   0x00000098   Code   RO          559    i.arp_cache_early   TCP_CM3.lib(at_arp.o)
    0x000084f0   0x000084f0   0x000000b4   Code   RO          560    i.arp_cache_find    TCP_CM3.lib(at_arp.o)
    0x000085a4   0x000085a4   0x000000f4   Code   RO          563    i.arp_cache_update  TCP_CM3.lib(at_arp.o)
    0x00008698   0x00008698   0x0000002c   Code   RO          566    i.arp_init          TCP_CM3.lib(at_arp.o)
    0x000086c4   0x000086c4   0x00000034   Code   RO          567    i.arp_is_cacheable  TCP_CM3.lib(at_arp.o)
    0x000086f8   0x000086f8   0x00000028   Code   RO          568    i.arp_notify        TCP_CM3.lib(at_arp.o)
    0x00008720   0x00008720   0x00000088   Code   RO          570    i.arp_proc_response  TCP_CM3.lib(at_arp.o)
    0x000087a8   0x000087a8   0x00000138   Code   RO          571    i.arp_process       TCP_CM3.lib(at_arp.o)
    0x000088e0   0x000088e0   0x000000a0   Code   RO          572    i.arp_send_reply    TCP_CM3.lib(at_arp.o)
    0x00008980   0x00008980   0x000000b8   Code   RO          573    i.arp_send_request  TCP_CM3.lib(at_arp.o)
    0x00008a38   0x00008a38   0x0000001c   Code   RO          896    i.avail_mem         TCP_CM3.lib(at_mem.o)
    0x00008a54   0x00008a54   0x00000078   Code   RO          840    i.b64_to_asc        TCP_CM3.lib(at_lib.o)
    0x00008acc   0x00008acc   0x00000012   Code   RO          842    i.calc_chksum16be   TCP_CM3.lib(at_lib.o)
    0x00008ade   0x00008ade   0x00000004   Code   RO          742    i.cgx_content_type  TCP_CM3.lib(at_http.o)
    0x00008ae2   0x00008ae2   0x00000002   PAD
    0x00008ae4   0x00008ae4   0x000001cc   Code   RO          743    i.chk_post_req      TCP_CM3.lib(at_http.o)
    0x00008cb0   0x00008cb0   0x00000028   Code   RO          843    i.chksum16_buf      TCP_CM3.lib(at_lib.o)
    0x00008cd8   0x00008cd8   0x0000000a   Code   RO          844    i.chksum16_val      TCP_CM3.lib(at_lib.o)
    0x00008ce2   0x00008ce2   0x0000001e   Code   RO          744    i.cmp_fname_ext     TCP_CM3.lib(at_http.o)
    0x00008d00   0x00008d00   0x00000028   Code   RO          745    i.cmp_header        TCP_CM3.lib(at_http.o)
    0x00008d28   0x00008d28   0x00000010   Code   RO          819    i.eth_chk_adr       TCP_CM3.lib(at_ethernet.o)
    0x00008d38   0x00008d38   0x00000034   Code   RO          821    i.eth_init_link     TCP_CM3.lib(at_ethernet.o)
    0x00008d6c   0x00008d6c   0x000000d4   Code   RO          822    i.eth_run_link      TCP_CM3.lib(at_ethernet.o)
    0x00008e40   0x00008e40   0x000000a8   Code   RO          823    i.eth_send_frame    TCP_CM3.lib(at_ethernet.o)
    0x00008ee8   0x00008ee8   0x00000084   Code   RO          897    i.free_mem          TCP_CM3.lib(at_mem.o)
    0x00008f6c   0x00008f6c   0x00000028   Code   RO          846    i.get_crc32         TCP_CM3.lib(at_lib.o)
    0x00008f94   0x00008f94   0x00000068   Code   RO          746    i.get_file_type     TCP_CM3.lib(at_http.o)
    0x00008ffc   0x00008ffc   0x00000028   Code   RO          747    i.get_next_field    TCP_CM3.lib(at_http.o)
    0x00009024   0x00009024   0x00000032   Code   RO          748    i.get_next_par      TCP_CM3.lib(at_http.o)
    0x00009056   0x00009056   0x00000002   PAD
    0x00009058   0x00009058   0x0000001c   Code   RO          915    i.get_rnd32         TCP_CM3.lib(at_system.o)
    0x00009074   0x00009074   0x00000012   Code   RO          749    i.hex2byte          TCP_CM3.lib(at_http.o)
    0x00009086   0x00009086   0x00000004   Code   RO          750    i.http_accept_host  TCP_CM3.lib(at_http.o)
    0x0000908a   0x0000908a   0x00000002   PAD
    0x0000908c   0x0000908c   0x000002bc   Code   RO          751    i.http_add_header   TCP_CM3.lib(at_http.o)
    0x00009348   0x00009348   0x00000004   Code   RO          752    i.http_check_account  TCP_CM3.lib(at_http.o)
    0x0000934c   0x0000934c   0x00000188   Code   RO          754    i.http_error_msg    TCP_CM3.lib(at_http.o)
    0x000094d4   0x000094d4   0x00000002   Code   RO          942    i.http_fclose       TCP_CM3.lib(at_http_uif.o)
    0x000094d6   0x000094d6   0x00000004   Code   RO          943    i.http_fgets        TCP_CM3.lib(at_http_uif.o)
    0x000094da   0x000094da   0x00000004   Code   RO          755    i.http_file_access  TCP_CM3.lib(at_http.o)
    0x000094de   0x000094de   0x00000004   Code   RO          944    i.http_finfo        TCP_CM3.lib(at_http_uif.o)
    0x000094e2   0x000094e2   0x00000004   Code   RO          945    i.http_fopen        TCP_CM3.lib(at_http_uif.o)
    0x000094e6   0x000094e6   0x00000004   Code   RO          946    i.http_fread        TCP_CM3.lib(at_http_uif.o)
    0x000094ea   0x000094ea   0x00000002   PAD
    0x000094ec   0x000094ec   0x0000006c   Code   RO          761    i.http_get_var      TCP_CM3.lib(at_http.o)
    0x00009558   0x00009558   0x00000050   Code   RO          762    i.http_init         TCP_CM3.lib(at_http.o)
    0x000095a8   0x000095a8   0x0000005e   Code   RO          763    i.http_kill_session  TCP_CM3.lib(at_http.o)
    0x00009606   0x00009606   0x00000002   PAD
    0x00009608   0x00009608   0x00000224   Code   RO          764    i.http_listener     TCP_CM3.lib(at_http.o)
    0x0000982c   0x0000982c   0x00000120   Code   RO          765    i.http_open_file    TCP_CM3.lib(at_http.o)
    0x0000994c   0x0000994c   0x00000154   Code   RO          766    i.http_proc_header  TCP_CM3.lib(at_http.o)
    0x00009aa0   0x00009aa0   0x0000017c   Code   RO          767    i.http_proc_multipart  TCP_CM3.lib(at_http.o)
    0x00009c1c   0x00009c1c   0x000000f8   Code   RO          768    i.http_proc_post    TCP_CM3.lib(at_http.o)
    0x00009d14   0x00009d14   0x0000033c   Code   RO          769    i.http_run_server   TCP_CM3.lib(at_http.o)
    0x0000a050   0x0000a050   0x0000001e   Code   RO          770    i.http_strcpy       TCP_CM3.lib(at_http.o)
    0x0000a06e   0x0000a06e   0x00000002   PAD
    0x0000a070   0x0000a070   0x000000a8   Code   RO          771    i.http_to_utc       TCP_CM3.lib(at_http.o)
    0x0000a118   0x0000a118   0x00000010   Code   RO          620    i.icmp_init         TCP_CM3.lib(at_icmp.o)
    0x0000a128   0x0000a128   0x000000cc   Code   RO          622    i.icmp_process      TCP_CM3.lib(at_icmp.o)
    0x0000a1f4   0x0000a1f4   0x00000048   Code   RO          623    i.icmp_run_engine   TCP_CM3.lib(at_icmp.o)
    0x0000a23c   0x0000a23c   0x00000070   Code   RO          624    i.icmp_send_message  TCP_CM3.lib(at_icmp.o)
    0x0000a2ac   0x0000a2ac   0x00000038   Code   RO          898    i.ifree_mem         TCP_CM3.lib(at_mem.o)
    0x0000a2e4   0x0000a2e4   0x00000030   Code   RO          916    i.init_TcpNet       TCP_CM3.lib(at_system.o)
    0x0000a314   0x0000a314   0x00000060   Code   RO          899    i.init_mem          TCP_CM3.lib(at_mem.o)
    0x0000a374   0x0000a374   0x000000c8   Code   RO          599    i.ip_chk_frame      TCP_CM3.lib(at_ip.o)
    0x0000a43c   0x0000a43c   0x0000000a   Code   RO          600    i.ip_get_chksum     TCP_CM3.lib(at_ip.o)
    0x0000a446   0x0000a446   0x00000002   PAD
    0x0000a448   0x0000a448   0x000000b8   Code   RO          601    i.ip_get_locadr     TCP_CM3.lib(at_ip.o)
    0x0000a500   0x0000a500   0x0000000c   Code   RO          602    i.ip_init           TCP_CM3.lib(at_ip.o)
    0x0000a50c   0x0000a50c   0x0000005c   Code   RO          603    i.ip_run_local      TCP_CM3.lib(at_ip.o)
    0x0000a568   0x0000a568   0x00000150   Code   RO          604    i.ip_send_frame     TCP_CM3.lib(at_ip.o)
    0x0000a6b8   0x0000a6b8   0x00000014   Code   RO          847    i.is_subnet         TCP_CM3.lib(at_lib.o)
    0x0000a6cc   0x0000a6cc   0x00000064   Code   RO          917    i.main_TcpNet       TCP_CM3.lib(at_system.o)
    0x0000a730   0x0000a730   0x00000018   Code   RO          848    i.mem_comp          TCP_CM3.lib(at_lib.o)
    0x0000a748   0x0000a748   0x00000016   Code   RO          849    i.mem_copy          TCP_CM3.lib(at_lib.o)
    0x0000a75e   0x0000a75e   0x00000020   Code   RO          850    i.mem_crc32         TCP_CM3.lib(at_lib.o)
    0x0000a77e   0x0000a77e   0x0000000a   Code   RO          852    i.mem_set           TCP_CM3.lib(at_lib.o)
    0x0000a788   0x0000a788   0x00000014   Code   RO          853    i.mem_test          TCP_CM3.lib(at_lib.o)
    0x0000a79c   0x0000a79c   0x00000016   Code   RO          855    i.nrd_u32be         TCP_CM3.lib(at_lib.o)
    0x0000a7b2   0x0000a7b2   0x00000010   Code   RO          857    i.nwr_u32be         TCP_CM3.lib(at_lib.o)
    0x0000a7c2   0x0000a7c2   0x00000002   PAD
    0x0000a7c4   0x0000a7c4   0x00000028   Code   RO          772    i.proc_req_line     TCP_CM3.lib(at_http.o)
    0x0000a7ec   0x0000a7ec   0x00000028   Code   RO          824    i.put_in_queue      TCP_CM3.lib(at_ethernet.o)
    0x0000a814   0x0000a814   0x000000a0   Code   RO          773    i.read_script_line  TCP_CM3.lib(at_http.o)
    0x0000a8b4   0x0000a8b4   0x00000048   Code   RO          900    i.resize_mem        TCP_CM3.lib(at_mem.o)
    0x0000a8fc   0x0000a8fc   0x0000004c   Code   RO          774    i.search_delim      TCP_CM3.lib(at_http.o)
    0x0000a948   0x0000a948   0x00000012   Code   RO          858    i.str_copy          TCP_CM3.lib(at_lib.o)
    0x0000a95a   0x0000a95a   0x0000001a   Code   RO          859    i.str_crc32         TCP_CM3.lib(at_lib.o)
    0x0000a974   0x0000a974   0x00000016   Code   RO          860    i.str_pos           TCP_CM3.lib(at_lib.o)
    0x0000a98a   0x0000a98a   0x0000001a   Code   RO          861    i.str_scomp         TCP_CM3.lib(at_lib.o)
    0x0000a9a4   0x0000a9a4   0x00000050   Code   RO          637    i.tcp_abort         TCP_CM3.lib(at_tcp.o)
    0x0000a9f4   0x0000a9f4   0x0000009c   Code   RO          639    i.tcp_close         TCP_CM3.lib(at_tcp.o)
    0x0000aa90   0x0000aa90   0x00000020   Code   RO          642    i.tcp_get_buf       TCP_CM3.lib(at_tcp.o)
    0x0000aab0   0x0000aab0   0x0000004c   Code   RO          644    i.tcp_get_socket    TCP_CM3.lib(at_tcp.o)
    0x0000aafc   0x0000aafc   0x00000024   Code   RO          645    i.tcp_get_state     TCP_CM3.lib(at_tcp.o)
    0x0000ab20   0x0000ab20   0x00000018   Code   RO          646    i.tcp_init          TCP_CM3.lib(at_tcp.o)
    0x0000ab38   0x0000ab38   0x0000006c   Code   RO          648    i.tcp_listen        TCP_CM3.lib(at_tcp.o)
    0x0000aba4   0x0000aba4   0x00000098   Code   RO          649    i.tcp_map_socket    TCP_CM3.lib(at_tcp.o)
    0x0000ac3c   0x0000ac3c   0x00000024   Code   RO          650    i.tcp_max_dsize     TCP_CM3.lib(at_tcp.o)
    0x0000ac60   0x0000ac60   0x0000005e   Code   RO          652    i.tcp_parse_opt     TCP_CM3.lib(at_tcp.o)
    0x0000acbe   0x0000acbe   0x00000002   PAD
    0x0000acc0   0x0000acc0   0x00000284   Code   RO          653    i.tcp_poll_sockets  TCP_CM3.lib(at_tcp.o)
    0x0000af44   0x0000af44   0x000000c8   Code   RO          654    i.tcp_proc_acknr    TCP_CM3.lib(at_tcp.o)
    0x0000b00c   0x0000b00c   0x00000052   Code   RO          655    i.tcp_proc_dupack   TCP_CM3.lib(at_tcp.o)
    0x0000b05e   0x0000b05e   0x00000002   PAD
    0x0000b060   0x0000b060   0x00000498   Code   RO          656    i.tcp_process       TCP_CM3.lib(at_tcp.o)
    0x0000b4f8   0x0000b4f8   0x0000001a   Code   RO          657    i.tcp_que_free      TCP_CM3.lib(at_tcp.o)
    0x0000b512   0x0000b512   0x0000001a   Code   RO          658    i.tcp_que_init      TCP_CM3.lib(at_tcp.o)
    0x0000b52c   0x0000b52c   0x00000094   Code   RO          659    i.tcp_que_resend    TCP_CM3.lib(at_tcp.o)
    0x0000b5c0   0x0000b5c0   0x000000d4   Code   RO          663    i.tcp_send          TCP_CM3.lib(at_tcp.o)
    0x0000b694   0x0000b694   0x0000006a   Code   RO          664    i.tcp_send_ctrl     TCP_CM3.lib(at_tcp.o)
    0x0000b6fe   0x0000b6fe   0x00000050   Code   RO          665    i.tcp_send_data     TCP_CM3.lib(at_tcp.o)
    0x0000b74e   0x0000b74e   0x00000068   Code   RO          666    i.tcp_send_reset    TCP_CM3.lib(at_tcp.o)
    0x0000b7b6   0x0000b7b6   0x00000026   Code   RO          667    i.tcp_set_cwnd      TCP_CM3.lib(at_tcp.o)
    0x0000b7dc   0x0000b7dc   0x00000068   Code   RO          668    i.tcp_transit       TCP_CM3.lib(at_tcp.o)
    0x0000b844   0x0000b844   0x000000c4   Code   RO          669    i.tcp_write         TCP_CM3.lib(at_tcp.o)
    0x0000b908   0x0000b908   0x00000014   Code   RO          918    i.timer_tick        TCP_CM3.lib(at_system.o)
    0x0000b91c   0x0000b91c   0x00000018   Code   RO          714    i.udp_init          TCP_CM3.lib(at_udp.o)
    0x0000b934   0x0000b934   0x000000b8   Code   RO          719    i.udp_process       TCP_CM3.lib(at_udp.o)
    0x0000b9ec   0x0000b9ec   0x000000e0   Code   RO          775    i.utc_to_http       TCP_CM3.lib(at_http.o)
    0x0000bacc   0x0000bacc   0x0000002c   Code   RO         1158    locale$$code        c_w.l(lc_ctype_c.o)
    0x0000baf8   0x0000baf8   0x00000150   Code   RO         1059    x$fpl$dadd          fz_ws.l(daddsub_clz.o)
    0x0000bc48   0x0000bc48   0x00000018   Code   RO         1119    x$fpl$dcmpinf       fz_ws.l(dcmpi.o)
    0x0000bc60   0x0000bc60   0x000002b0   Code   RO         1066    x$fpl$ddiv          fz_ws.l(ddiv.o)
    0x0000bf10   0x0000bf10   0x00000078   Code   RO         1069    x$fpl$deqf          fz_ws.l(deqf.o)
    0x0000bf88   0x0000bf88   0x0000005a   Code   RO         1071    x$fpl$dfixu         fz_ws.l(dfixu.o)
    0x0000bfe2   0x0000bfe2   0x0000002e   Code   RO         1076    x$fpl$dflt          fz_ws.l(dflt_clz.o)
    0x0000c010   0x0000c010   0x00000026   Code   RO         1075    x$fpl$dfltu         fz_ws.l(dflt_clz.o)
    0x0000c036   0x0000c036   0x00000002   PAD
    0x0000c038   0x0000c038   0x00000154   Code   RO         1081    x$fpl$dmul          fz_ws.l(dmul.o)
    0x0000c18c   0x0000c18c   0x0000009c   Code   RO         1121    x$fpl$dnaninf       fz_ws.l(dnaninf.o)
    0x0000c228   0x0000c228   0x0000000c   Code   RO         1123    x$fpl$dretinf       fz_ws.l(dretinf.o)
    0x0000c234   0x0000c234   0x000001d4   Code   RO         1061    x$fpl$dsub          fz_ws.l(daddsub_clz.o)
    0x0000c408   0x0000c408   0x00000000   Code   RO         1125    x$fpl$usenofp       fz_ws.l(usenofp.o)
    0x0000c408   0x0000c408   0x000005f0   Data   RO           59    .constdata          asciilib.o
    0x0000c9f8   0x0000c9f8   0x00003e00   Data   RO          326    .constdata          timer.o
    0x000107f8   0x000107f8   0x00000090   Data   RO          510    .constdata          net_config.o
    0x00010888   0x00010888   0x000008cc   Data   RO          548    .constdata          web.o
    0x00011154   0x00011154   0x00000006   Data   RO          574    .constdata          TCP_CM3.lib(at_arp.o)
    0x0001115a   0x0001115a   0x00000008   Data   RO          605    .constdata          TCP_CM3.lib(at_ip.o)
    0x00011162   0x00011162   0x000000f4   Data   RO          776    .constdata          TCP_CM3.lib(at_http.o)
    0x00011256   0x00011256   0x00000006   Data   RO          826    .constdata          TCP_CM3.lib(at_ethernet.o)
    0x0001125c   0x0001125c   0x00000056   Data   RO          930    .constdata          TCP_CM3.lib(http_err.o)
    0x000112b2   0x000112b2   0x00000051   Data   RO          931    .constdata          TCP_CM3.lib(http_err.o)
    0x00011303   0x00011303   0x0000004e   Data   RO          932    .constdata          TCP_CM3.lib(http_err.o)
    0x00011351   0x00011351   0x0000004b   Data   RO          933    .constdata          TCP_CM3.lib(http_err.o)
    0x0001139c   0x0001139c   0x0000002f   Data   RO          934    .constdata          TCP_CM3.lib(http_err.o)
    0x000113cb   0x000113cb   0x00000088   Data   RO          935    .constdata          TCP_CM3.lib(http_err.o)
    0x00011453   0x00011453   0x00000001   PAD
    0x00011454   0x00011454   0x00000008   Data   RO          979    .constdata          c_w.l(_printf_wctomb.o)
    0x0001145c   0x0001145c   0x00000028   Data   RO         1000    .constdata          c_w.l(_printf_hex_int_ptr.o)
    0x00011484   0x00011484   0x00000011   Data   RO         1026    .constdata          c_w.l(__printf_flags_ss_wp.o)
    0x00011495   0x00011495   0x00000003   PAD
    0x00011498   0x00011498   0x00000054   Data   RO          408    .conststring        bluetooth.o
    0x000114ec   0x000114ec   0x00000201   Data   RO          432    .conststring        http_cgi.o
    0x000116ed   0x000116ed   0x00000003   PAD
    0x000116f0   0x000116f0   0x0000001d   Data   RO          511    .conststring        net_config.o
    0x0001170d   0x0001170d   0x00000003   PAD
    0x00011710   0x00011710   0x00000030   Data   RO         1300    Region$$Table       anon$$obj.o
    0x00011740   0x00011740   0x00000110   Data   RO         1157    locale$$data        c_w.l(lc_ctype_c.o)


    Execution Region RW_IRAM1 (Exec base: 0x10000000, Load base: 0x00011850, Size: 0x000049b0, Max: 0x00008000, ABSOLUTE, COMPRESSED[0x00000124])

    Exec Addr    Load Addr    Size         Type   Attr      Idx    E Section Name        Object

    0x10000000   COMPRESSED   0x00000004   Data   RW           25    .data               system_lpc17xx.o
    0x10000004   COMPRESSED   0x00000001   Data   RW           80    .data               glcd.o
    0x10000005   COMPRESSED   0x00000003   PAD
    0x10000008   COMPRESSED   0x0000004c   Data   RW          113    .data               touchpanel.o
    0x10000054   COMPRESSED   0x000001e5   Data   RW          136    .data               tp_simple.o
    0x10000239   COMPRESSED   0x00000003   Data   RW          182    .data               pwm.o
    0x1000023c   COMPRESSED   0x00000001   Data   RW          245    .data               statechar.o
    0x1000023d   COMPRESSED   0x00000003   PAD
    0x10000240   COMPRESSED   0x0000000e   Data   RW          281    .data               nunchuck.o
    0x1000024e   COMPRESSED   0x00000002   PAD
    0x10000250   COMPRESSED   0x00000022   Data   RW          302    .data               adc.o
    0x10000272   COMPRESSED   0x00000002   PAD
    0x10000274   COMPRESSED   0x00000060   Data   RW          327    .data               timer.o
    0x100002d4   COMPRESSED   0x00000029   Data   RW          409    .data               bluetooth.o
    0x100002fd   COMPRESSED   0x00000003   PAD
    0x10000300   COMPRESSED   0x00000004   Data   RW          433    .data               http_cgi.o
    0x10000304   COMPRESSED   0x00000014   Data   RW          483    .data               emac_lpc17xx_lan8720.o
    0x10000318   COMPRESSED   0x0000002a   Data   RW          512    .data               net_config.o
    0x10000342   COMPRESSED   0x00000002   PAD
    0x10000344   COMPRESSED   0x00000008   Data   RW          575    .data               TCP_CM3.lib(at_arp.o)
    0x1000034c   COMPRESSED   0x0000000c   Data   RW          606    .data               TCP_CM3.lib(at_ip.o)
    0x10000358   COMPRESSED   0x00000004   Data   RW          670    .data               TCP_CM3.lib(at_tcp.o)
    0x1000035c   COMPRESSED   0x0000000c   Data   RW          777    .data               TCP_CM3.lib(at_http.o)
    0x10000368        -       0x0000000c   Zero   RW          112    .bss                touchpanel.o
    0x10000374        -       0x000000af   Zero   RW          135    .bss                tp_simple.o
    0x10000423        -       0x00003e00   Zero   RW          301    .bss                adc.o
    0x10004223        -       0x0000003c   Zero   RW          407    .bss                bluetooth.o
    0x1000425f   COMPRESSED   0x00000001   PAD
    0x10004260        -       0x00000010   Zero   RW          625    .bss                TCP_CM3.lib(at_icmp.o)
    0x10004270        -       0x00000084   Zero   RW          825    .bss                TCP_CM3.lib(at_ethernet.o)
    0x100042f4        -       0x00000010   Zero   RW          901    .bss                TCP_CM3.lib(at_mem.o)
    0x10004304        -       0x0000004c   Zero   RW          919    .bss                TCP_CM3.lib(at_system.o)
    0x10004350        -       0x00000060   Zero   RW         1127    .bss                c_w.l(libspace.o)
    0x100043b0        -       0x00000400   Zero   RW           13    HEAP                startup_lpc17xx.o
    0x100047b0        -       0x00000200   Zero   RW           12    STACK               startup_lpc17xx.o


    Execution Region RW_IRAM2 (Exec base: 0x2007c000, Load base: 0x00011974, Size: 0x00005e1c, Max: 0x00008000, ABSOLUTE)

    Exec Addr    Load Addr    Size         Type   Attr      Idx    E Section Name        Object

    0x2007c000        -       0x00002a64   Zero   RW          482    .bss                emac_lpc17xx_lan8720.o
    0x2007ea64        -       0x000033b8   Zero   RW          509    .bss                net_config.o


==============================================================================

Image component sizes


      Code (inc. data)   RO Data    RW Data    ZI Data      Debug   Object Name

       672         96          0         34      15872      18733   adc.o
        32          6       1520          0          0       1251   asciilib.o
      1684        648         84         41         60       2812   bluetooth.o
         0          0          0          0          0       4508   core_cm3.o
        40         10          0          0          0        447   dac.o
      1612        104          0         20      10852      26769   emac_lpc17xx_lan8720.o
      6032         44          0          1          0      34397   glcd.o
       840        200        513          4          0      16513   http_cgi.o
       348          6          0          0          0       1666   i2c_lpc17xx.o
       272         50          0          0          0       1158   interrupciones.o
       232         28          0          0          0      17278   main.o
       116          8        173         42      13240       3385   net_config.o
       720         58          0         14          0       1656   nunchuck.o
       500         40          0          3          0       1601   pwm.o
       156         12          0          0          0       1318   serial.o
        68         30        204          0       1536       1196   startup_lpc17xx.o
       472         70          0          1          0       1090   statechar.o
       748         30          0          4          0      18473   system_lpc17xx.o
      2436        344      15872         96          0      21659   timer.o
      2004         70          0         76         12       5885   touchpanel.o
      9056       1492          0        485        175      25106   tp_simple.o
       504         38          0          0          0      17965   uart.o
        40          4          0          0          0        560   watchdog.o
         0          0       2252          0          0        641   web.o

    ----------------------------------------------------------------------
     28584       3388      20672        836      41748     226067   Object Totals
         0          0         48          0          0          0   (incl. Generated)
         0          0          6         15          1          0   (incl. Padding)

    ----------------------------------------------------------------------

      Code (inc. data)   RO Data    RW Data    ZI Data      Debug   Library Member Name

      1824        138          6          8          0       1040   at_arp.o
       488         58          6          0        132        404   at_ethernet.o
      5514       1176        244         12          0       2268   at_http.o
        18          0          0          0          0        340   at_http_uif.o
       404         30          0          0         16        308   at_icmp.o
       834         56          8         12          0        520   at_ip.o
       486          6          0          0          0       1224   at_lib.o
       568         46          0          0         16        520   at_mem.o
       196         40          0          0         76        292   at_system.o
      3936        158          0          4          0       2008   at_tcp.o
       208         12          0          0          0        156   at_udp.o
         0          0        503          0          0          0   http_err.o
        60          8          0          0          0         84   __0sscanf.o
        44          6          0          0          0         84   __2sprintf.o
        90          0          0          0          0          0   __dczerorl2.o
         8          0          0          0          0         68   __main.o
       392          4         17          0          0         92   __printf_flags_ss_wp.o
        14          0          0          0          0         68   __printf_wp.o
         0          0          0          0          0          0   __rtentry.o
        12          0          0          0          0          0   __rtentry2.o
         6          0          0          0          0          0   __rtentry4.o
        52          8          0          0          0          0   __scatter.o
        28          0          0          0          0          0   __scatter_zi.o
        28          0          0          0          0         68   _chval.o
         6          0          0          0          0          0   _printf_c.o
        44          0          0          0          0        108   _printf_char.o
        48          6          0          0          0         96   _printf_char_common.o
        40          0          0          0          0         68   _printf_charcount.o
         6          0          0          0          0          0   _printf_d.o
       120         16          0          0          0         92   _printf_dec.o
       124          4         40          0          0        144   _printf_hex_int_ptr.o
         6          0          0          0          0          0   _printf_i.o
       178          0          0          0          0         88   _printf_intcommon.o
        10          0          0          0          0          0   _printf_l.o
         6          0          0          0          0          0   _printf_lc.o
         6          0          0          0          0          0   _printf_n.o
         6          0          0          0          0          0   _printf_o.o
        80          8          0          0          0         88   _printf_oct_int.o
         6          0          0          0          0          0   _printf_p.o
        78          0          0          0          0        108   _printf_pad.o
         0          0          0          0          0          0   _printf_percent.o
         4          0          0          0          0          0   _printf_percent_end.o
         6          0          0          0          0          0   _printf_s.o
        82          0          0          0          0         80   _printf_str.o
        36          0          0          0          0         84   _printf_truncate.o
         6          0          0          0          0          0   _printf_u.o
        44          0          0          0          0        108   _printf_wchar.o
       188          6          8          0          0         92   _printf_wctomb.o
         6          0          0          0          0          0   _printf_x.o
       884          4          0          0          0        100   _scanf.o
       332          0          0          0          0         96   _scanf_int.o
        64          0          0          0          0         84   _sgetc.o
        10          0          0          0          0         68   _sputc.o
       158          0          0          0          0         92   _strtoul.o
        64          0          0          0          0         92   _wcrtomb.o
        26          0          0          0          0         80   atoi.o
        18          0          0          0          0         80   exit.o
         6          0          0          0          0        152   heapauxi.o
         0          0          0          0          0          0   indicate_semi.o
        18          0          0          0          0         76   isspace.o
        44         10        272          0          0         76   lc_ctype_c.o
         2          0          0          0          0          0   libinit.o
        20          0          0          0          0          0   libinit2.o
         2          0          0          0          0          0   libshutdown.o
         2          0          0          0          0          0   libshutdown2.o
         8          4          0          0         96         68   libspace.o
       238          0          0          0          0        100   lludivv7m.o
        16          4          0          0          0         76   rt_ctype_table.o
         8          4          0          0          0         68   rt_errno_addr_intlibspace.o
         8          4          0          0          0         68   rt_locale_intlibspace.o
        78          0          0          0          0         80   rt_memclr_w.o
       138          0          0          0          0         68   rt_memcpy_v6.o
       100          0          0          0          0         80   rt_memcpy_w.o
         2          0          0          0          0          0   rtexit.o
        10          0          0          0          0          0   rtexit2.o
        44          8          0          0          0         84   scanf_char.o
       128          0          0          0          0         68   strcmpv7m.o
        62          0          0          0          0         76   strlen.o
       112          0          0          0          0         88   strtol.o
        12          4          0          0          0         68   sys_exit.o
        74          0          0          0          0         80   sys_stackheap_outer.o
         2          0          0          0          0         68   use_no_semi.o
       804         16          0          0          0        272   daddsub_clz.o
        24          0          0          0          0         68   dcmpi.o
       688        140          0          0          0        208   ddiv.o
       120          4          0          0          0         92   deqf.o
        90          4          0          0          0         92   dfixu.o
        84          0          0          0          0        136   dflt_clz.o
       340         12          0          0          0        104   dmul.o
       156          4          0          0          0         92   dnaninf.o
        12          0          0          0          0         68   dretinf.o
         0          0          0          0          0          0   usenofp.o

    ----------------------------------------------------------------------
     21396       2008       1108         36        336      13968   Library Totals
        42          0          4          0          0          0   (incl. Padding)

    ----------------------------------------------------------------------

      Code (inc. data)   RO Data    RW Data    ZI Data      Debug   Library Name

     14476       1720        767         36        240       9080   TCP_CM3.lib
      4560        108        337          0         96       3756   c_w.l
      2318        180          0          0          0       1132   fz_ws.l

    ----------------------------------------------------------------------
     21396       2008       1108         36        336      13968   Library Totals

    ----------------------------------------------------------------------

==============================================================================


      Code (inc. data)   RO Data    RW Data    ZI Data      Debug   

     49980       5396      21780        872      42084     229839   Grand Totals
     49980       5396      21780        292      42084     229839   ELF Image Totals (compressed)
     49980       5396      21780        292          0          0   ROM Totals

==============================================================================

    Total RO  Size (Code + RO Data)                71760 (  70.08kB)
    Total RW  Size (RW Data + ZI Data)             42956 (  41.95kB)
    Total ROM Size (Code + RO Data + RW Data)      72052 (  70.36kB)

==============================================================================

