<html>
<body>
<pre>
<h1>µVision Build Log</h1>
<h2>Tool Versions:</h2>
IDE-Version: µVision V5.36.0.0
Copyright (C) 2021 ARM Ltd and ARM Germany GmbH. All rights reserved.
License Information: martin alvaro universidad de alcala Flex license: error obtaining information 
Tool Versions:
Toolchain:       MDK-Lite  Version: 5.36.0.0
Toolchain Path:  C:\Keil_v5\ARM\ARMCC\Bin
C Compiler:      Armcc.exe V5.06 update 7 (build 960)
Assembler:       Armasm.exe V5.06 update 7 (build 960)
Linker/Locator:  ArmLink.exe V5.06 update 7 (build 960)
Library Manager: ArmAr.exe V5.06 update 7 (build 960)
Hex Converter:   FromElf.exe V5.06 update 7 (build 960)
CPU DLL:         SARMCM3.DLL V5.36.0.0
Dialog DLL:      DARMP1.DLL V1.27.0.0
Target DLL:      UL2CM3.DLL V1.164.0.0
Dialog DLL:      TARMP1.DLL V1.26.0.0
 
<h2>Project:</h2>
C:\Users\alvaro\OneDrive - Universidad de Alcala\Proyecto Final Alvaro Martin Fernandez\Proyecto\MDK-ARM\TP_Simple.uvproj
Project File Date:  06/04/2022

<h2>Output:</h2>
*** Using Compiler 'V5.06 update 7 (build 960)', folder: 'C:\Keil_v5\ARM\ARMCC\Bin'
Rebuild target 'MiniDK2'
custom translating Web.inp...
Custom: C:\Keil_v5\ARM\bin\fcarm @..\Web\Web.inp
FCARM FILE CONVERTER V2.58
Completed 1 File(s), Ratio 76%
compiling AsciiLib.c...
assembling startup_LPC17xx.s...
compiling core_cm3.c...
compiling system_LPC17xx.c...
compiling TouchPanel.c...
compiling PWM.c...
compiling StateChar.c...
compiling main.c...
compiling GLCD.c...
compiling i2c_lpc17xx.c...
compiling tp_simple.c...
compiling Nunchuck.c...
compiling ADC.c...
..\USER\ADC.c(21): warning:  #61-D: integer operation result is out of range
  	 LPC_PINCON->PINSEL3|= (3<<30);         					  // ( AD0.5)  P1.31) //LUZ2(derecha)
..\USER\ADC.c(21): warning:  #68-D: integer conversion resulted in a change of sign
  	 LPC_PINCON->PINSEL3|= (3<<30);         					  // ( AD0.5)  P1.31) //LUZ2(derecha)
..\USER\ADC.c(23): warning:  #61-D: integer operation result is out of range
     LPC_PINCON->PINMODE3|= (2<<30); 				            // Deshabilita pullup/pulldown
..\USER\ADC.c(23): warning:  #68-D: integer conversion resulted in a change of sign
     LPC_PINCON->PINMODE3|= (2<<30); 				            // Deshabilita pullup/pulldown
..\USER\ADC.c: 4 warnings, 0 errors
compiling DAC.c...
compiling uart.c...
compiling Interrupciones.c...
compiling Timer.c...
compiling Bluetooth.c...
compiling HTTP_CGI.c...
..\USER\HTTP_CGI.c(66): warning:  #177-D: variable "state"  was declared but never referenced
  static char const state[][9] = {
..\USER\HTTP_CGI.c: 1 warning, 0 errors
compiling Web.c...
compiling Net_Config.c...
compiling Watchdog.c...
compiling Serial.c...
compiling EMAC_LPC17xx_LAN8720.c...
..\USER\EMAC_LPC17xx_LAN8720.c(393): warning:  #177-D: function "output_MDIO"  was declared but never referenced
  static void output_MDIO (U32 val, U32 n) {
..\USER\EMAC_LPC17xx_LAN8720.c(412): warning:  #177-D: function "turnaround_MDIO"  was declared but never referenced
  static void turnaround_MDIO (void) {
..\USER\EMAC_LPC17xx_LAN8720.c(424): warning:  #177-D: function "input_MDIO"  was declared but never referenced
  static U32 input_MDIO (void) {
..\USER\EMAC_LPC17xx_LAN8720.c: 3 warnings, 0 errors
linking...
Program Size: Code=49980 RO-data=21780 RW-data=872 ZI-data=42084  
FromELF: creating hex file...
".\obj\TP_Simple.axf" - 0 Error(s), 8 Warning(s).
Build Time Elapsed:  00:00:04
</pre>
</body>
</html>
